Archive member included to satisfy reference by file (symbol)

/usr/share/crossworks_for_arm_4.10/lib/libc_v7em_t_le_eabi.a(libvfprintf.o)
                              (__vfprintf_float_long_long)
/usr/share/crossworks_for_arm_4.10/lib/libc_v7em_t_le_eabi.a(libvfscanf.o)
                              (__vfscanf_float_long_long_cc)
/usr/share/crossworks_for_arm_4.10/lib/libc_v7em_t_le_eabi.a(libc2.o)
                              /usr/share/crossworks_for_arm_4.10/lib/libc_v7em_t_le_eabi.a(libvfscanf.o) (__getc)
/usr/share/crossworks_for_arm_4.10/lib/libc_v7em_t_le_eabi.a(libc2_asm.o)
                              /usr/share/crossworks_for_arm_4.10/lib/libc_v7em_t_le_eabi.a(libc2.o) (memcpy)
/usr/share/crossworks_for_arm_4.10/lib/libc_v7em_t_le_eabi.a(libc.o)
                              /usr/share/crossworks_for_arm_4.10/lib/libc_v7em_t_le_eabi.a(libc2.o) (__heap_lock)
/usr/share/crossworks_for_arm_4.10/lib/libc_v7em_t_le_eabi.a(libc_asm.o)
                              /usr/share/crossworks_for_arm_4.10/lib/libc_v7em_t_le_eabi.a(libc2.o) (__aeabi_uldivmod)
/usr/share/crossworks_for_arm_4.10/lib/libdebugio_v7em_t_le_eabi.a(libdebugio_asm.o)
                              clock_divider THUMB Debug/channels.o (debug_printf)
/usr/share/crossworks_for_arm_4.10/lib/libdebugio_v7em_t_le_eabi.a(mempoll_debug_operations.o)
                              (__do_debug_operation_mempoll)
/usr/share/crossworks_for_arm_4.10/lib/libdebugio_v7em_t_le_eabi.a(libdebugio.o)
                              /usr/share/crossworks_for_arm_4.10/lib/libdebugio_v7em_t_le_eabi.a(libdebugio_asm.o) (debug_fopen)
/usr/share/crossworks_for_arm_4.10/lib/libdebugio_v7em_t_le_eabi.a(do_nv_debug_operation.o)
                              /usr/share/crossworks_for_arm_4.10/lib/libdebugio_v7em_t_le_eabi.a(libdebugio.o) (__do_nvdebug_operation)
/usr/share/crossworks_for_arm_4.10/lib/libm_v7em_t_le_eabi.a(libm_asm.o)
                              /usr/share/crossworks_for_arm_4.10/lib/libc_v7em_t_le_eabi.a(libc2.o) (__aeabi_i2f)
/usr/share/crossworks_for_arm_4.10/lib/libm_v7em_t_le_eabi.a(libm2.o)
                              /usr/share/crossworks_for_arm_4.10/lib/libc_v7em_t_le_eabi.a(libvfprintf.o) (frexp)
/usr/share/crossworks_for_arm_4.10/lib/libm_v7em_t_le_eabi.a(libm2_asm.o)
                              /usr/share/crossworks_for_arm_4.10/lib/libm_v7em_t_le_eabi.a(libm2.o) (fabs)

Discarded input sections

 .group         0x00000000        0xc clock_divider THUMB Debug/chip.o
 .group         0x00000000        0xc clock_divider THUMB Debug/chip.o
 .group         0x00000000        0xc clock_divider THUMB Debug/chip.o
 .group         0x00000000        0xc clock_divider THUMB Debug/chip.o
 .group         0x00000000        0xc clock_divider THUMB Debug/chip.o
 .group         0x00000000        0xc clock_divider THUMB Debug/chip.o
 .group         0x00000000        0xc clock_divider THUMB Debug/chip.o
 .group         0x00000000        0xc clock_divider THUMB Debug/chip.o
 .group         0x00000000        0xc clock_divider THUMB Debug/chip.o
 .group         0x00000000        0xc clock_divider THUMB Debug/chip.o
 .text          0x00000000        0x0 clock_divider THUMB Debug/chip.o
 .data          0x00000000        0x0 clock_divider THUMB Debug/chip.o
 .bss           0x00000000        0x0 clock_divider THUMB Debug/chip.o
 .group         0x00000000        0xc clock_divider THUMB Debug/clock.o
 .group         0x00000000        0xc clock_divider THUMB Debug/clock.o
 .group         0x00000000        0xc clock_divider THUMB Debug/clock.o
 .group         0x00000000        0xc clock_divider THUMB Debug/clock.o
 .group         0x00000000        0xc clock_divider THUMB Debug/clock.o
 .group         0x00000000        0xc clock_divider THUMB Debug/clock.o
 .group         0x00000000        0xc clock_divider THUMB Debug/clock.o
 .group         0x00000000        0xc clock_divider THUMB Debug/clock.o
 .group         0x00000000        0xc clock_divider THUMB Debug/clock.o
 .text          0x00000000        0x0 clock_divider THUMB Debug/clock.o
 .data          0x00000000        0x0 clock_divider THUMB Debug/clock.o
 .bss           0x00000000        0x0 clock_divider THUMB Debug/clock.o
 .text.dma1_clock_enable
                0x00000000       0x14 clock_divider THUMB Debug/clock.o
 .text.dma2_clock_enable
                0x00000000       0x14 clock_divider THUMB Debug/clock.o
 .text.dmamux1_clock_enable
                0x00000000       0x14 clock_divider THUMB Debug/clock.o
 .text.cordic_clock_enable
                0x00000000       0x14 clock_divider THUMB Debug/clock.o
 .text.fmac_clock_enable
                0x00000000       0x14 clock_divider THUMB Debug/clock.o
 .text.flash_clock_enable
                0x00000000       0x14 clock_divider THUMB Debug/clock.o
 .text.crc_clock_enable
                0x00000000       0x14 clock_divider THUMB Debug/clock.o
 .text.gpiog_clock_enable
                0x00000000       0x14 clock_divider THUMB Debug/clock.o
[...]
Memory Configuration

Name             Origin             Length             Attributes
UNPLACED_SECTIONS 0x00000000         0x00000000         xw
FLASH            0x08000000         0x00020000         xr
CCMSRAM          0x10000000         0x00002800         xw
SYSTEM_BANK1     0x1fff0000         0x00007000         xw
OTP              0x1fff7000         0x00000400         xw
OPTION_BANK1     0x1fff7800         0x00000030         xw
RAM              0x20000000         0x00005800         xw
SRAM1            0x20000000         0x00004000         xw
SRAM2            0x20004000         0x00001800         xw
ABP1             0x40000000         0x00009800         xw
ABP2             0x40010000         0x00006400         xw
AHB1             0x40020000         0x00004400         xw
AHB2             0x48000000         0x08060c00         xw
NOR_PSRAM1       0x60000000         0x00000000         xw
NOR_PSRAM2       0x64000000         0x00000000         xw
NOR_PSRAM3       0x68000000         0x00000000         xw
NOR_PSRAM4       0x6c000000         0x00000000         xw
NAND             0x80000000         0x00000000         xr
QUADSPI_FLASH    0x90000000         0x00000000         xr
FMC              0xa0000000         0x00001000         xw
QUADSPI          0xa0001000         0x00000400         xw
PPB              0xe0000000         0x00100000         xw
*default*        0x00000000         0xffffffff

Linker script and memory map

                0x08000000                        __FLASH_segment_start__ = 0x8000000
                0x08020000                        __FLASH_segment_end__ = 0x8020000
                0x00020000                        __FLASH_segment_size__ = 0x20000
                0x10000000                        __CCMSRAM_segment_start__ = 0x10000000
                0x10002800                        __CCMSRAM_segment_end__ = 0x10002800
                0x00002800                        __CCMSRAM_segment_size__ = 0x2800
                0x1fff0000                        __SYSTEM_BANK1_segment_start__ = 0x1fff0000
                0x1fff7000                        __SYSTEM_BANK1_segment_end__ = 0x1fff7000
                0x00007000                        __SYSTEM_BANK1_segment_size__ = 0x7000
                0x1fff7000                        __OTP_segment_start__ = 0x1fff7000
                0x1fff7400                        __OTP_segment_end__ = 0x1fff7400
                0x00000400                        __OTP_segment_size__ = 0x400
                0x1fff7800                        __OPTION_BANK1_segment_start__ = 0x1fff7800
                0x1fff7830                        __OPTION_BANK1_segment_end__ = 0x1fff7830
                0x00000030                        __OPTION_BANK1_segment_size__ = 0x30
                0x20000000                        __RAM_segment_start__ = 0x20000000
                0x20005800                        __RAM_segment_end__ = 0x20005800
                0x00005800                        __RAM_segment_size__ = 0x5800
                0x20000000                        __SRAM1_segment_start__ = 0x20000000
                0x20004000                        __SRAM1_segment_end__ = 0x20004000
                0x00004000                        __SRAM1_segment_size__ = 0x4000
                0x20004000                        __SRAM2_segment_start__ = 0x20004000
                0x20005800                        __SRAM2_segment_end__ = 0x20005800
                0x00001800                        __SRAM2_segment_size__ = 0x1800
                0x40000000                        __ABP1_segment_start__ = 0x40000000
                0x40009800                        __ABP1_segment_end__ = 0x40009800
                0x00009800                        __ABP1_segment_size__ = 0x9800
                0x40010000                        __ABP2_segment_start__ = 0x40010000
                0x40016400                        __ABP2_segment_end__ = 0x40016400
                0x00006400                        __ABP2_segment_size__ = 0x6400
                0x40020000                        __AHB1_segment_start__ = 0x40020000
                0x40024400                        __AHB1_segment_end__ = 0x40024400
                0x00004400                        __AHB1_segment_size__ = 0x4400
                0x48000000                        __AHB2_segment_start__ = 0x48000000
                0x50060c00                        __AHB2_segment_end__ = 0x50060c00
                0x08060c00                        __AHB2_segment_size__ = 0x8060c00
                0x60000000                        __NOR_PSRAM1_segment_start__ = 0x60000000
                0x60000000                        __NOR_PSRAM1_segment_end__ = 0x60000000
                0x00000000                        __NOR_PSRAM1_segment_size__ = 0x0
                0x64000000                        __NOR_PSRAM2_segment_start__ = 0x64000000
                0x64000000                        __NOR_PSRAM2_segment_end__ = 0x64000000
                0x00000000                        __NOR_PSRAM2_segment_size__ = 0x0
                0x68000000                        __NOR_PSRAM3_segment_start__ = 0x68000000
                0x68000000                        __NOR_PSRAM3_segment_end__ = 0x68000000
                0x00000000                        __NOR_PSRAM3_segment_size__ = 0x0
                0x6c000000                        __NOR_PSRAM4_segment_start__ = 0x6c000000
                0x6c000000                        __NOR_PSRAM4_segment_end__ = 0x6c000000
                0x00000000                        __NOR_PSRAM4_segment_size__ = 0x0
                0x80000000                        __NAND_segment_start__ = 0x80000000
                0x80000000                        __NAND_segment_end__ = 0x80000000
                0x00000000                        __NAND_segment_size__ = 0x0
                0x90000000                        __QUADSPI_FLASH_segment_start__ = 0x90000000
                0x90000000                        __QUADSPI_FLASH_segment_end__ = 0x90000000
                0x00000000                        __QUADSPI_FLASH_segment_size__ = 0x0
                0xa0000000                        __FMC_segment_start__ = 0xa0000000
                0xa0001000                        __FMC_segment_end__ = 0xa0001000
                0x00001000                        __FMC_segment_size__ = 0x1000
                0xa0001000                        __QUADSPI_segment_start__ = 0xa0001000
                0xa0001400                        __QUADSPI_segment_end__ = 0xa0001400
                0x00000400                        __QUADSPI_segment_size__ = 0x400
                0xe0000000                        __PPB_segment_start__ = 0xe0000000
                0xe0100000                        __PPB_segment_end__ = 0xe0100000
                0x00100000                        __PPB_segment_size__ = 0x100000
                0x00000080                        __HEAPSIZE__ = 0x80
                0x00000000                        __STACKSIZE_ABT__ = 0x0
                0x00000000                        __STACKSIZE_FIQ__ = 0x0
                0x00000000                        __STACKSIZE_IRQ__ = 0x0
                0x00000000                        __STACKSIZE_PROCESS__ = 0x0
                0x00000000                        __STACKSIZE_SVC__ = 0x0
                0x00000000                        __STACKSIZE_UND__ = 0x0
                0x00000100                        __STACKSIZE__ = 0x100
                0x08001ff0                        __do_debug_operation = __do_debug_operation_mempoll
                0x00000000                        __vfprintf = __vfprintf_float_long_long
                0x00000000                        __vfscanf = __vfscanf_float_long_long_cc
                0x90000000                        __qspi_load_start__ = ALIGN (__QUADSPI_FLASH_segment_start__, 0x4)

.qspi           0x90000000        0x0
                0x90000000                        __qspi_start__ = .
 *(.qspi .qspi.*)
                0x90000000                        __qspi_end__ = (__qspi_start__ + SIZEOF (.qspi))
                0x00000000                        __qspi_size__ = SIZEOF (.qspi)
                0x90000000                        __qspi_load_end__ = __qspi_end__
                0x90000000                        __QUADSPI_FLASH_segment_used_end__ = (ALIGN (__QUADSPI_FLASH_segment_start__, 0x4) + SIZEOF (.qspi))
                0x00000000                        __QUADSPI_FLASH_segment_used_size__ = (__QUADSPI_FLASH_segment_used_end__ - __QUADSPI_FLASH_segment_start__)
                0x00000001                        . = ASSERT (((__qspi_start__ == __qspi_end__) || ((__qspi_end__ - __QUADSPI_FLASH_segment_start__) <= __QUADSPI_FLASH_segment_size__)), error: .qspi is too large to fit in QUADSPI_FLASH memory segment)
                0x20000000                        __vectors_ram_load_start__ = ALIGN (__RAM_segment_start__, 0x100)

.vectors_ram    0x20000000        0x0
                0x20000000                        __vectors_ram_start__ = .
 *(.vectors_ram .vectors_ram.*)
                0x20000000                        __vectors_ram_end__ = (__vectors_ram_start__ + SIZEOF (.vectors_ram))
                0x00000000                        __vectors_ram_size__ = SIZEOF (.vectors_ram)
                0x20000000                        __vectors_ram_load_end__ = __vectors_ram_end__
                0x00000001                        . = ASSERT (((__vectors_ram_start__ == __vectors_ram_end__) || ((__vectors_ram_end__ - __RAM_segment_start__) <= __RAM_segment_size__)), error: .vectors_ram is too large to fit in RAM memory segment)
                0x08000000                        __vectors_load_start__ = ALIGN (__FLASH_segment_start__, 0x100)

.vectors        0x08000000      0x1d8
                0x08000000                        __vectors_start__ = .
 *(.vectors .vectors.*)
 .vectors       0x08000000      0x1d8 clock_divider THUMB Debug/STM32_Startup.o
                0x08000000                _vectors
                0x080001d8                        __vectors_end__ = (__vectors_start__ + SIZEOF (.vectors))
                0x000001d8                        __vectors_size__ = SIZEOF (.vectors)
                0x080001d8                        __vectors_load_end__ = __vectors_end__
                0x00000001                        . = ASSERT (((__vectors_start__ == __vectors_end__) || ((__vectors_end__ - __FLASH_segment_start__) <= __FLASH_segment_size__)), error: .vectors is too large to fit in FLASH memory segment)
                0x080001d8                        __init_load_start__ = ALIGN (__vectors_end__, 0x4)

.init           0x080001d8      0x230
                0x080001d8                        __init_start__ = .
 *(.init .init.*)
 .init          0x080001d8       0xc0 clock_divider THUMB Debug/STM32_Startup.o
                0x080001d8                NMI_Handler
                0x080001dc                MemManage_Handler
                0x080001de                BusFault_Handler
                0x080001e0                UsageFault_Handler
                0x080001e4                DebugMon_Handler
                0x080001e8                SysTick_Handler
                0x080001ea                WWDG_IRQHandler
                0x080001ec                PVD_PVM_IRQHandler
                0x080001ee                RTC_TAMP_LSECSS_IRQHandler
                0x080001f0                RTC_WKUP_IRQHandler
                0x080001f2                FLASH_IRQHandler
                0x080001f4                RCC_IRQHandler
                0x080001f6                EXTI0_IRQHandler
                0x080001f8                EXTI1_IRQHandler
                0x080001fa                EXTI2_IRQHandler
                0x080001fc                EXTI3_IRQHandler
                0x08000200                DMA1_Channel1_IRQHandler
                0x08000202                DMA1_Channel2_IRQHandler
                0x08000204                DMA1_Channel3_IRQHandler
                0x08000206                DMA1_Channel4_IRQHandler
                0x08000208                DMA1_Channel5_IRQHandler
                0x0800020a                DMA1_Channel6_IRQHandler
                0x0800020c                ADC1_2_IRQHandler
                0x0800020e                USB_HP_IRQHandler
                0x08000210                USB_LP_IRQHandler
                0x08000212                FDCAN1_IT0_IRQHandler
                0x08000214                FDCAN1_IT1_IRQHandler
                0x08000216                EXTI9_5_IRQHandler
                0x08000218                TIM1_BRK_TIM15_IRQHandler
                0x0800021e                TIM1_CC_IRQHandler
                0x08000220                TIM2_IRQHandler
                0x08000222                TIM3_IRQHandler
                0x08000224                TIM4_IRQHandler
                0x08000226                I2C1_EV_IRQHandler
                0x08000228                I2C1_ER_IRQHandler
                0x0800022a                I2C2_EV_IRQHandler
                0x0800022c                I2C2_ER_IRQHandler
                0x0800022e                SPI1_IRQHandler
                0x08000230                SPI2_IRQHandler
                0x08000232                USART1_IRQHandler
                0x08000234                USART2_IRQHandler
                0x08000236                USART3_IRQHandler
                0x0800023a                RTC_Alarm_IRQHandler
                0x0800023c                USBWakeUp_IRQHandler
                0x0800023e                TIM8_BRK_IRQHandler
                0x08000240                TIM8_UP_IRQHandler
                0x08000242                TIM8_TRG_COM_IRQHandler
                0x08000244                TIM8_CC_IRQHandler
                0x08000246                LPTIM1_IRQHandler
                0x08000248                SPI3_IRQHandler
                0x0800024a                UART4_IRQHandler
                0x0800024c                TIM6_DAC_IRQHandler
                0x0800024e                TIM7_IRQHandler
                0x08000250                DMA2_Channel1_IRQHandler
                0x08000252                DMA2_Channel2_IRQHandler
                0x08000254                DMA2_Channel3_IRQHandler
                0x08000256                DMA2_Channel4_IRQHandler
                0x08000258                DMA2_Channel5_IRQHandler
                0x0800025a                UCPD1_IRQHandler
                0x0800025c                COMP1_2_3_IRQHandler
                0x0800025e                COMP4_IRQHandler
                0x08000260                CRS_IRQHandler
                0x08000262                SAI1_IRQHandler
                0x08000264                FPU_IRQHandler
                0x08000266                AES_IRQHandler
                0x08000268                RNG_IRQHandler
                0x0800026a                LPUART1_IRQHandler
                0x0800026c                I2C3_EV_IRQHandler
                0x0800026e                I2C3_ER_IRQHandler
                0x08000270                DMAMUX_OVR_IRQHandler
                0x08000272                DMA2_Channel6_IRQHandler
                0x08000274                CORDIC_IRQHandler
                0x08000276                FMAC_IRQHandler
                0x08000278                reset_handler
                0x0800028a                SystemInit
 .init          0x08000298      0x170 clock_divider THUMB Debug/thumb_crt0.o
                0x08000298                _start
                0x08000348                _Exit
                0x08000348                exit
                0x08000408                        __init_end__ = (__init_start__ + SIZEOF (.init))
                0x00000230                        __init_size__ = SIZEOF (.init)
                0x08000408                        __init_load_end__ = __init_end__
                0x00000001                        . = ASSERT (((__init_start__ == __init_end__) || ((__init_end__ - __FLASH_segment_start__) <= __FLASH_segment_size__)), error: .init is too large to fit in FLASH memory segment)
                0x08000408                        __init_rodata_load_start__ = ALIGN (__init_end__, 0x4)

.init_rodata    0x08000408        0x0
                0x08000408                        __init_rodata_start__ = .
 *(.init_rodata .init_rodata.*)
                0x08000408                        __init_rodata_end__ = (__init_rodata_start__ + SIZEOF (.init_rodata))
                0x00000000                        __init_rodata_size__ = SIZEOF (.init_rodata)
                0x08000408                        __init_rodata_load_end__ = __init_rodata_end__
                0x00000001                        . = ASSERT (((__init_rodata_start__ == __init_rodata_end__) || ((__init_rodata_end__ - __FLASH_segment_start__) <= __FLASH_segment_size__)), error: .init_rodata is too large to fit in FLASH memory segment)
                0x08000408                        __text_load_start__ = ALIGN (__init_rodata_end__, 0x4)

.text           0x08000408     0x1c1c
                0x08000408                        __text_start__ = .
 *(.text .text.* .gnu.linkonce.t.* .glue_7t .glue_7 .gcc_except_table .ARM.extab* .gnu.linkonce.armextab.*)
 .glue_7        0x08000408        0x0 linker stubs
 .glue_7t       0x08000408        0x0 linker stubs
 .text.chip_enable_isrs
                0x08000408        0x6 clock_divider THUMB Debug/chip.o
                0x08000408                chip_enable_isrs
 .text.chip_disable_isrs
                0x0800040e        0x6 clock_divider THUMB Debug/chip.o
                0x0800040e                chip_disable_isrs
 .text.gpioa_clock_enable
                0x08000414       0x14 clock_divider THUMB Debug/clock.o
                0x08000414                gpioa_clock_enable
 .text.gpiob_clock_enable
                0x08000428       0x14 clock_divider THUMB Debug/clock.o
                0x08000428                gpiob_clock_enable
 .text.gpiof_clock_enable
                0x0800043c       0x14 clock_divider THUMB Debug/clock.o
                0x0800043c                gpiof_clock_enable
 .text.syscfg_clock_enable
                0x08000450       0x14 clock_divider THUMB Debug/clock.o
                0x08000450                syscfg_clock_enable
 .text.tim16_clock_enable
                0x08000464       0x14 clock_divider THUMB Debug/clock.o
                0x08000464                tim16_clock_enable
 .text.tim17_clock_enable
                0x08000478       0x14 clock_divider THUMB Debug/clock.o
                0x08000478                tim17_clock_enable
 .text.__NVIC_EnableIRQ
                0x0800048c       0x34 clock_divider THUMB Debug/gpio.o
 .text.gpio_get_exti_index
                0x080004c0       0x88 clock_divider THUMB Debug/gpio.o
 .text.gpio_get_exti_pin_num
                0x08000548       0x9c clock_divider THUMB Debug/gpio.o
 .text.gpio_nvic_enable
                0x080005e4       0x9c clock_divider THUMB Debug/gpio.o
 .text.gpio_config_pin
                0x08000680      0x3b0 clock_divider THUMB Debug/gpio.o
                0x08000680                gpio_config_pin
 .text.gpio_set
                0x08000a30       0x4c clock_divider THUMB Debug/gpio.o
                0x08000a30                gpio_set
 .text.gpio_reset
                0x08000a7c       0x4c clock_divider THUMB Debug/gpio.o
                0x08000a7c                gpio_reset
 .text.gpio_toggle
                0x08000ac8       0x4c clock_divider THUMB Debug/gpio.o
                0x08000ac8                gpio_toggle
 .text.gpio_get
                0x08000b14       0x54 clock_divider THUMB Debug/gpio.o
                0x08000b14                gpio_get
 .text.gpio_clear_isr_flag
                0x08000b68       0x28 clock_divider THUMB Debug/gpio.o
                0x08000b68                gpio_clear_isr_flag
 .text.timer_set_clock_source
                0x08000b90       0x7c clock_divider THUMB Debug/timer.o
 .text.timer_ccmr_mode_index
                0x08000c0c       0x50 clock_divider THUMB Debug/timer.o
 .text.timer_output_enable
                0x08000c5c       0x70 clock_divider THUMB Debug/timer.o
 .text.timer_ccmr_init
                0x08000ccc       0x8c clock_divider THUMB Debug/timer.o
 .text.timer_init
                0x08000d58      0x170 clock_divider THUMB Debug/timer.o
                0x08000d58                timer_init
 .text.timer_overflow
                0x08000ec8       0x34 clock_divider THUMB Debug/timer.o
                0x08000ec8                timer_overflow
 .text.timer_enable_isr
                0x08000efc       0x84 clock_divider THUMB Debug/timer.o
                0x08000efc                timer_enable_isr
 .text.timer_clear_uif_flag
                0x08000f80       0x38 clock_divider THUMB Debug/timer.o
                0x08000f80                timer_clear_uif_flag
 .text.timer_start
                0x08000fb8       0x3c clock_divider THUMB Debug/timer.o
                0x08000fb8                timer_start
 .text.os_evtq_init
                0x08000ff4       0x84 clock_divider THUMB Debug/event.o
                0x08000ff4                os_evtq_init
 .text.os_evtq_receive
                0x08001078       0x66 clock_divider THUMB Debug/event.o
                0x08001078                os_evtq_receive
 .text.os_evtq_post
                0x080010de       0x9a clock_divider THUMB Debug/event.o
                0x080010de                os_evtq_post
 .text.__NVIC_EnableIRQ
                0x08001178       0x34 clock_divider THUMB Debug/kernel.o
 .text.__NVIC_SetPriority
                0x080011ac       0x50 clock_divider THUMB Debug/kernel.o
 .text.os_pend_context_switch
                0x080011fc       0x14 clock_divider THUMB Debug/kernel.o
                0x080011fc                os_pend_context_switch
 .text.os_start
                0x08001210        0xc clock_divider THUMB Debug/kernel.o
                0x08001210                os_start
 .text.os_init  0x0800121c       0x4e clock_divider THUMB Debug/kernel.o
                0x0800121c                os_init
 .text.os_fault
                0x0800126a        0xc clock_divider THUMB Debug/kernel.o
                0x0800126a                os_fault
 .text.SVC_Handler
                0x08001276       0x22 clock_divider THUMB Debug/kernel.o
                0x08001276                SVC_Handler
 .text.PendSV_Handler
                0x08001298       0x34 clock_divider THUMB Debug/kernel.o
                0x08001298                PendSV_Handler
 .text.HardFault_Handler
                0x080012cc        0xc clock_divider THUMB Debug/kernel.o
                0x080012cc                HardFault_Handler
 .text.os_get_highest_priority
                0x080012d8       0x1c clock_divider THUMB Debug/task.o
                0x080012d8                os_get_highest_priority
 .text.os_task_set_ready_flag
                0x080012f4       0x34 clock_divider THUMB Debug/task.o
                0x080012f4                os_task_set_ready_flag
 .text.os_task_clear_ready_flag
                0x08001328       0x38 clock_divider THUMB Debug/task.o
                0x08001328                os_task_clear_ready_flag
 .text.os_task_is_ready
                0x08001360       0x30 clock_divider THUMB Debug/task.o
                0x08001360                os_task_is_ready
 .text.os_get_current_task
                0x08001390        0xc clock_divider THUMB Debug/task.o
                0x08001390                os_get_current_task
 .text.os_set_current_task
                0x0800139c       0x24 clock_divider THUMB Debug/task.o
                0x0800139c                os_set_current_task
 .text.os_get_next_task
                0x080013c0       0x38 clock_divider THUMB Debug/task.o
                0x080013c0                os_get_next_task
 .text.os_task_init_stack
                0x080013f8      0x108 clock_divider THUMB Debug/task.o
 .text.os_task_init
                0x08001500       0xb4 clock_divider THUMB Debug/task.o
                0x08001500                os_task_init
 .text.os_idle_task_init
                0x080015b4       0x3c clock_divider THUMB Debug/task.o
                0x080015b4                os_idle_task_init
 .text.os_evt_func
                0x080015f0       0x58 clock_divider THUMB Debug/task.o
 .text.os_idle_func
                0x08001648        0x2 clock_divider THUMB Debug/task.o
 *fill*         0x0800164a        0x2 
 .text.channel_led_set
                0x0800164c       0x60 clock_divider THUMB Debug/channels.o
                0x0800164c                channel_led_set
 .text.channel_leds_init
                0x080016ac       0x1e clock_divider THUMB Debug/channels.o
                0x080016ac                channel_leds_init
 .text.channel_set_division
                0x080016ca       0x16 clock_divider THUMB Debug/channels.o
                0x080016ca                channel_set_division
 .text.assert_failed
                0x080016e0       0x10 clock_divider THUMB Debug/main.o
                0x080016e0                assert_failed
 .text.divider_dispatch
                0x080016f0      0x1f4 clock_divider THUMB Debug/main.o
                0x080016f0                divider_dispatch
 .text.divider_init
                0x080018e4       0x38 clock_divider THUMB Debug/main.o
                0x080018e4                divider_init
 .text.EXTI4_IRQHandler
                0x0800191c       0x40 clock_divider THUMB Debug/main.o
                0x0800191c                EXTI4_IRQHandler
 .text.EXTI15_10_IRQHandler
                0x0800195c       0x40 clock_divider THUMB Debug/main.o
                0x0800195c                EXTI15_10_IRQHandler
 .text.main     0x0800199c       0x18 clock_divider THUMB Debug/main.o
                0x0800199c                main
 .text.__NVIC_EnableIRQ
                0x080019b4       0x34 clock_divider THUMB Debug/seven_segment.o
 .text.segment_enable
                0x080019e8       0x24 clock_divider THUMB Debug/seven_segment.o
 .text.segment_disable
                0x08001a0c       0x24 clock_divider THUMB Debug/seven_segment.o
 .text.display_enable
                0x08001a30       0x24 clock_divider THUMB Debug/seven_segment.o
 .text.display_disable
                0x08001a54       0x24 clock_divider THUMB Debug/seven_segment.o
 .text.seven_seg_display
                0x08001a78       0x68 clock_divider THUMB Debug/seven_segment.o
                0x08001a78                seven_seg_display
 .text.seven_seg_dispatch
                0x08001ae0      0x1a0 clock_divider THUMB Debug/seven_segment.o
                0x08001ae0                seven_seg_dispatch
 .text.seven_seg_init
                0x08001c80       0x38 clock_divider THUMB Debug/seven_segment.o
                0x08001c80                seven_seg_init
 .text.TIM1_UP_TIM16_IRQHandler
                0x08001cb8       0x20 clock_divider THUMB Debug/seven_segment.o
                0x08001cb8                TIM1_UP_TIM16_IRQHandler
 .text.__NVIC_EnableIRQ
                0x08001cd8       0x34 clock_divider THUMB Debug/state_machine.o
 .text.get_division
                0x08001d0c       0x28 clock_divider THUMB Debug/state_machine.o
                0x08001d0c                get_division
 .text.state_machine_run
                0x08001d34       0xcc clock_divider THUMB Debug/state_machine.o
 .text.state_machine_dispatch
                0x08001e00       0xec clock_divider THUMB Debug/state_machine.o
 .text.state_machine_init
                0x08001eec       0x38 clock_divider THUMB Debug/state_machine.o
                0x08001eec                state_machine_init
 .text.TIM1_TRG_COM_TIM17_IRQHandler
                0x08001f24       0xb8 clock_divider THUMB Debug/state_machine.o
                0x08001f24                TIM1_TRG_COM_TIM17_IRQHandler
 .text.libc.debug_printf
                0x08001fdc       0x12 /usr/share/crossworks_for_arm_4.10/lib/libdebugio_v7em_t_le_eabi.a(libdebugio_asm.o)
                0x08001fdc                debug_printf
 *fill*         0x08001fee        0x2 
 .text.libdebugio.__do_debug_operation_mempoll
                0x08001ff0       0x30 /usr/share/crossworks_for_arm_4.10/lib/libdebugio_v7em_t_le_eabi.a(mempoll_debug_operations.o)
                0x08001ff0                __do_debug_operation_mempoll
 .text.libdebugio.__debug_io_lock
                0x08002020        0x2 /usr/share/crossworks_for_arm_4.10/lib/libdebugio_v7em_t_le_eabi.a(libdebugio.o)
                0x08002020                __debug_io_lock
 .text.libdebugio.__debug_io_unlock
                0x08002022        0x2 /usr/share/crossworks_for_arm_4.10/lib/libdebugio_v7em_t_le_eabi.a(libdebugio.o)
                0x08002022                __debug_io_unlock
                0x08002024                        __text_end__ = (__text_start__ + SIZEOF (.text))
                0x00001c1c                        __text_size__ = SIZEOF (.text)
                0x08002024                        __text_load_end__ = __text_end__

.vfp11_veneer   0x00000000        0x0
 .vfp11_veneer  0x00000000        0x0 linker stubs

.v4_bx          0x00000000        0x0
 .v4_bx         0x00000000        0x0 linker stubs

.iplt           0x00000000        0x0
 .iplt          0x00000000        0x0 clock_divider THUMB Debug/gpio.o
                0x00000001                        . = ASSERT (((__text_start__ == __text_end__) || ((__text_end__ - __FLASH_segment_start__) <= __FLASH_segment_size__)), error: .text is too large to fit in FLASH memory segment)
                0x08002024                        __dtors_load_start__ = ALIGN (__text_end__, 0x4)

.dtors          0x08002024        0x0
                0x08002024                        __dtors_start__ = .
 *(SORT_BY_NAME(.dtors.*))
 *(.dtors)
 *(.fini_array)
 *(SORT_BY_NAME(.fini_array.*))
                0x08002024                        __dtors_end__ = (__dtors_start__ + SIZEOF (.dtors))
                0x00000000                        __dtors_size__ = SIZEOF (.dtors)
                0x08002024                        __dtors_load_end__ = __dtors_end__
                0x00000001                        . = ASSERT (((__dtors_start__ == __dtors_end__) || ((__dtors_end__ - __FLASH_segment_start__) <= __FLASH_segment_size__)), error: .dtors is too large to fit in FLASH memory segment)
                0x08002024                        __ctors_load_start__ = ALIGN (__dtors_end__, 0x4)

.ctors          0x08002024        0x0
                0x08002024                        __ctors_start__ = .
 *(SORT_BY_NAME(.ctors.*))
 *(.ctors)
 *(.init_array)
 *(SORT_BY_NAME(.init_array.*))
                0x08002024                        __ctors_end__ = (__ctors_start__ + SIZEOF (.ctors))
                0x00000000                        __ctors_size__ = SIZEOF (.ctors)
                0x08002024                        __ctors_load_end__ = __ctors_end__
                0x00000001                        . = ASSERT (((__ctors_start__ == __ctors_end__) || ((__ctors_end__ - __FLASH_segment_start__) <= __FLASH_segment_size__)), error: .ctors is too large to fit in FLASH memory segment)
                0x08002024                        __rodata_load_start__ = ALIGN (__ctors_end__, 0x4)

.rodata         0x08002024       0x76
                0x08002024                        __rodata_start__ = .
 *(.rodata .rodata.* .gnu.linkonce.r.*)
 .rodata.first.0
                0x08002024        0x4 clock_divider THUMB Debug/task.o
 .rodata        0x08002028       0x1b clock_divider THUMB Debug/main.o
 *fill*         0x08002043        0x1 
 .rodata.segments
                0x08002044        0x7 clock_divider THUMB Debug/seven_segment.o
 *fill*         0x0800204b        0x1 
 .rodata.displays
                0x0800204c        0x2 clock_divider THUMB Debug/seven_segment.o
 *fill*         0x0800204e        0x2 
 .rodata.digit_table
                0x08002050       0x46 clock_divider THUMB Debug/seven_segment.o
 *fill*         0x08002096        0x2 
 .rodata.buttons
                0x08002098        0x2 clock_divider THUMB Debug/state_machine.o
                0x0800209a                        __rodata_end__ = (__rodata_start__ + SIZEOF (.rodata))
                0x00000076                        __rodata_size__ = SIZEOF (.rodata)
                0x0800209a                        __rodata_load_end__ = __rodata_end__

.rel.dyn        0x08000000        0x0
 .rel.iplt      0x08000000        0x0 clock_divider THUMB Debug/gpio.o
                0x00000001                        . = ASSERT (((__rodata_start__ == __rodata_end__) || ((__rodata_end__ - __FLASH_segment_start__) <= __FLASH_segment_size__)), error: .rodata is too large to fit in FLASH memory segment)
                0x0800209c                        __ARM.exidx_load_start__ = ALIGN (__rodata_end__, 0x4)

.ARM.exidx      0x0800209c        0x0
                0x0800209c                        __ARM.exidx_start__ = .
                0x0800209c                        __exidx_start = __ARM.exidx_start__
 *(.ARM.exidx .ARM.exidx.*)
                0x0800209c                        __ARM.exidx_end__ = (__ARM.exidx_start__ + SIZEOF (.ARM.exidx))
                0x00000000                        __ARM.exidx_size__ = SIZEOF (.ARM.exidx)
                0x0800209c                        __exidx_end = __ARM.exidx_end__
                0x0800209c                        __ARM.exidx_load_end__ = __ARM.exidx_end__
                0x00000001                        . = ASSERT (((__ARM.exidx_start__ == __ARM.exidx_end__) || ((__ARM.exidx_end__ - __FLASH_segment_start__) <= __FLASH_segment_size__)), error: .ARM.exidx is too large to fit in FLASH memory segment)
                0x0800209c                        __fast_load_start__ = ALIGN (__ARM.exidx_end__, 0x4)

.fast           0x20000000        0x0 load address 0x0800209c
                0x20000000                        __fast_start__ = .
 *(.fast .fast.*)
                0x20000000                        __fast_end__ = (__fast_start__ + SIZEOF (.fast))
                0x00000000                        __fast_size__ = SIZEOF (.fast)
                0x0800209c                        __fast_load_end__ = (__fast_load_start__ + SIZEOF (.fast))
                0x00000001                        . = ASSERT (((__fast_load_start__ == __fast_load_end__) || ((__fast_load_end__ - __FLASH_segment_start__) <= __FLASH_segment_size__)), error: .fast is too large to fit in FLASH memory segment)

.fast_run       0x20000000        0x0
                0x20000000                        __fast_run_start__ = .
                0x20000000                        __fast_run_end__ = (__fast_run_start__ + SIZEOF (.fast))
                0x00000000                        __fast_run_size__ = (__fast_run_end__ - __fast_run_start__)
                0x20000000                        __fast_run_load_end__ = __fast_run_end__
                0x00000001                        . = ASSERT (((__fast_run_start__ == __fast_run_end__) || ((__fast_run_end__ - __RAM_segment_start__) <= __RAM_segment_size__)), error: .fast_run is too large to fit in RAM memory segment)
                0x0800209c                        __data_load_start__ = ALIGN ((__fast_load_start__ + SIZEOF (.fast)), 0x4)

.data           0x20000000       0x58 load address 0x0800209c
                0x20000000                        __data_start__ = .
 *(.data .data.* .gnu.linkonce.d.*)
 .data.gpio_ports
                0x20000000       0x10 clock_divider THUMB Debug/gpio.o
 .data.timer_ports
                0x20000010       0x28 clock_divider THUMB Debug/timer.o
 .data.ch_pin   0x20000038        0x4 clock_divider THUMB Debug/main.o
 .data.rising_evt
                0x2000003c        0x4 clock_divider THUMB Debug/main.o
 .data.falling_evt
                0x20000040        0x4 clock_divider THUMB Debug/main.o
 .data.start_evt
                0x20000044        0x4 clock_divider THUMB Debug/main.o
 .data.stop_evt
                0x20000048        0x4 clock_divider THUMB Debug/main.o
 .data.update_evt
                0x2000004c        0x4 clock_divider THUMB Debug/seven_segment.o
 .data.division_evt
                0x20000050        0x4 clock_divider THUMB Debug/state_machine.o
 .data.channel_evt
                0x20000054        0x4 clock_divider THUMB Debug/state_machine.o
                0x20000058                        __data_end__ = (__data_start__ + SIZEOF (.data))
                0x00000058                        __data_size__ = SIZEOF (.data)
                0x080020f4                        __data_load_end__ = (__data_load_start__ + SIZEOF (.data))

.igot.plt       0x00000000        0x0
 .igot.plt      0x00000000        0x0 clock_divider THUMB Debug/gpio.o
                0x00000001                        . = ASSERT (((__data_load_start__ == __data_load_end__) || ((__data_load_end__ - __FLASH_segment_start__) <= __FLASH_segment_size__)), error: .data is too large to fit in FLASH memory segment)

.data_run       0x20000000        0x0
                0x20000000                        __data_run_start__ = .
                0x20000058                        __data_run_end__ = (__data_run_start__ + SIZEOF (.data))
                0x00000058                        __data_run_size__ = (__data_run_end__ - __data_run_start__)
                0x20000058                        __data_run_load_end__ = __data_run_end__
                0x00000001                        . = ASSERT (((__data_run_start__ == __data_run_end__) || ((__data_run_end__ - __RAM_segment_start__) <= __RAM_segment_size__)), error: .data_run is too large to fit in RAM memory segment)
                0x20000058                        __bss_load_start__ = ALIGN (__data_run_end__, 0x4)

.bss            0x20000058     0x1160
                0x20000058                        __bss_start__ = .
 *(.bss .bss.* .gnu.linkonce.b.*)
 .bss.evt_queue_pool
                0x20000058      0x100 clock_divider THUMB Debug/event.o
 .bss.task_array
                0x20000158      0x210 clock_divider THUMB Debug/task.o
 .bss.current_task
                0x20000368        0x4 clock_divider THUMB Debug/task.o
 .bss.idle_task_stack
                0x2000036c      0x800 clock_divider THUMB Debug/task.o
 .bss.os_tasks_ready
                0x20000b6c        0x4 clock_divider THUMB Debug/task.o
                0x20000b6c                os_tasks_ready
 .bss.ch_count  0x20000b70        0x4 clock_divider THUMB Debug/main.o
 .bss.div_task  0x20000b74        0x4 clock_divider THUMB Debug/main.o
 .bss.div_stack
                0x20000b78      0x100 clock_divider THUMB Debug/main.o
 .bss.div_evtq  0x20000c78      0x100 clock_divider THUMB Debug/main.o
 .bss.div_state
                0x20000d78        0x1 clock_divider THUMB Debug/main.o
 .bss.first_rising_edge
                0x20000d79        0x1 clock_divider THUMB Debug/main.o
                0x20000d79                first_rising_edge
 *fill*         0x20000d7a        0x2 
 .bss.seven_seg_task
                0x20000d7c        0x4 clock_divider THUMB Debug/seven_segment.o
 .bss.seven_seg_stack
                0x20000d80      0x100 clock_divider THUMB Debug/seven_segment.o
 .bss.seven_seg_evtq
                0x20000e80      0x100 clock_divider THUMB Debug/seven_segment.o
 .bss.current_segment
                0x20000f80        0x1 clock_divider THUMB Debug/seven_segment.o
 .bss.current_display
                0x20000f81        0x1 clock_divider THUMB Debug/seven_segment.o
 *fill*         0x20000f82        0x2 
 .bss.display_data
                0x20000f84        0x2 clock_divider THUMB Debug/seven_segment.o
 *fill*         0x20000f86        0x2 
 .bss.sm_task   0x20000f88        0x4 clock_divider THUMB Debug/state_machine.o
 .bss.sm_stack  0x20000f8c      0x100 clock_divider THUMB Debug/state_machine.o
 .bss.sm_evtq   0x2000108c      0x100 clock_divider THUMB Debug/state_machine.o
 .bss.button_states
                0x2000118c        0x2 clock_divider THUMB Debug/state_machine.o
 *fill*         0x2000118e        0x2 
 .bss.last_button_states
                0x20001190        0x2 clock_divider THUMB Debug/state_machine.o
 *fill*         0x20001192        0x2 
 .bss.division_table
                0x20001194       0x17 clock_divider THUMB Debug/state_machine.o
 .bss.current_channel
                0x200011ab        0x1 clock_divider THUMB Debug/state_machine.o
 .bss.channel_divisions
                0x200011ac        0x4 clock_divider THUMB Debug/state_machine.o
 .bss.libdebugio.dbgCommWord
                0x200011b0        0x4 /usr/share/crossworks_for_arm_4.10/lib/libdebugio_v7em_t_le_eabi.a(mempoll_debug_operations.o)
                0x200011b0                dbgCommWord
 .bss.libdebugio.dbgCntrlWord_mempoll
                0x200011b4        0x4 /usr/share/crossworks_for_arm_4.10/lib/libdebugio_v7em_t_le_eabi.a(mempoll_debug_operations.o)
                0x200011b4                dbgCntrlWord_mempoll
 *(COMMON)
                0x200011b8                        __bss_end__ = (__bss_start__ + SIZEOF (.bss))
                0x00001160                        __bss_size__ = SIZEOF (.bss)
                0x200011b8                        __bss_load_end__ = __bss_end__
                0x00000001                        . = ASSERT (((__bss_start__ == __bss_end__) || ((__bss_end__ - __RAM_segment_start__) <= __RAM_segment_size__)), error: .bss is too large to fit in RAM memory segment)
                0x200011b8                        __tbss_load_start__ = ALIGN (__bss_end__, 0x4)

.tbss           0x200011b8        0x0
                0x200011b8                        __tbss_start__ = .
 *(.tbss .tbss.*)
                0x200011b8                        __tbss_end__ = (__tbss_start__ + SIZEOF (.tbss))
                0x00000000                        __tbss_size__ = SIZEOF (.tbss)
                0x200011b8                        __tbss_load_end__ = __tbss_end__
                0x00000001                        . = ASSERT (((__tbss_start__ == __tbss_end__) || ((__tbss_end__ - __RAM_segment_start__) <= __RAM_segment_size__)), error: .tbss is too large to fit in RAM memory segment)
                0x080020f4                        __tdata_load_start__ = ALIGN ((__data_load_start__ + SIZEOF (.data)), 0x4)

.tdata          0x200011b8        0x0 load address 0x080020f4
                0x200011b8                        __tdata_start__ = .
 *(.tdata .tdata.*)
                0x200011b8                        __tdata_end__ = (__tdata_start__ + SIZEOF (.tdata))
                0x00000000                        __tdata_size__ = SIZEOF (.tdata)
                0x080020f4                        __tdata_load_end__ = (__tdata_load_start__ + SIZEOF (.tdata))
                0x080020f4                        __FLASH_segment_used_end__ = (ALIGN ((__data_load_start__ + SIZEOF (.data)), 0x4) + SIZEOF (.tdata))
                0x000020f4                        __FLASH_segment_used_size__ = (__FLASH_segment_used_end__ - __FLASH_segment_start__)
                0x00000001                        . = ASSERT (((__tdata_load_start__ == __tdata_load_end__) || ((__tdata_load_end__ - __FLASH_segment_start__) <= __FLASH_segment_size__)), error: .tdata is too large to fit in FLASH memory segment)

.tdata_run      0x200011b8        0x0
                0x200011b8                        __tdata_run_start__ = .
                0x200011b8                        __tdata_run_end__ = (__tdata_run_start__ + SIZEOF (.tdata))
                0x00000000                        __tdata_run_size__ = (__tdata_run_end__ - __tdata_run_start__)
                0x200011b8                        __tdata_run_load_end__ = __tdata_run_end__
                0x00000001                        . = ASSERT (((__tdata_run_start__ == __tdata_run_end__) || ((__tdata_run_end__ - __RAM_segment_start__) <= __RAM_segment_size__)), error: .tdata_run is too large to fit in RAM memory segment)
                0x200011b8                        __non_init_load_start__ = ALIGN (__tdata_run_end__, 0x4)

.non_init       0x200011b8        0x0
                0x200011b8                        __non_init_start__ = .
 *(.non_init .non_init.*)
                0x200011b8                        __non_init_end__ = (__non_init_start__ + SIZEOF (.non_init))
                0x00000000                        __non_init_size__ = SIZEOF (.non_init)
                0x200011b8                        __non_init_load_end__ = __non_init_end__
                0x00000001                        . = ASSERT (((__non_init_start__ == __non_init_end__) || ((__non_init_end__ - __RAM_segment_start__) <= __RAM_segment_size__)), error: .non_init is too large to fit in RAM memory segment)
                0x200011b8                        __heap_load_start__ = ALIGN (__non_init_end__, 0x8)

.heap           0x200011b8       0x80
                0x200011b8                        __heap_start__ = .
 *(.heap .heap.*)
                0x20001238                        . = ALIGN (MAX ((__heap_start__ + __HEAPSIZE__), .), 0x8)
 *fill*         0x200011b8       0x80 
                0x20001238                        __heap_end__ = (__heap_start__ + SIZEOF (.heap))
                0x00000080                        __heap_size__ = SIZEOF (.heap)
                0x20001238                        __heap_load_end__ = __heap_end__
                0x00000001                        . = ASSERT (((__heap_start__ == __heap_end__) || ((__heap_end__ - __RAM_segment_start__) <= __RAM_segment_size__)), error: .heap is too large to fit in RAM memory segment)
                0x00000001                        . = ASSERT ((__HEAPSIZE__ == ALIGN (__HEAPSIZE__, 0x8)), error: .heap section size does not match alignment)
                0x00000001                        . = ASSERT ((__heap_size__ <= __HEAPSIZE__), error: .heap section is larger than specified size)
                0x20001238                        __stack_load_start__ = ALIGN (__heap_end__, 0x8)

.stack          0x20001238      0x100
                0x20001238                        __stack_start__ = .
 *(.stack .stack.*)
                0x20001338                        . = ALIGN (MAX ((__stack_start__ + __STACKSIZE__), .), 0x8)
 *fill*         0x20001238      0x100 
                0x20001338                        __stack_end__ = (__stack_start__ + SIZEOF (.stack))
                0x00000100                        __stack_size__ = SIZEOF (.stack)
                0x20001338                        __stack_load_end__ = __stack_end__
                0x00000001                        . = ASSERT (((__stack_start__ == __stack_end__) || ((__stack_end__ - __RAM_segment_start__) <= __RAM_segment_size__)), error: .stack is too large to fit in RAM memory segment)
                0x00000001                        . = ASSERT ((__STACKSIZE__ == ALIGN (__STACKSIZE__, 0x8)), error: .stack section size does not match alignment)
                0x00000001                        . = ASSERT ((__stack_size__ <= __STACKSIZE__), error: .stack section is larger than specified size)
                0x20001338                        __stack_process_load_start__ = ALIGN (__stack_end__, 0x8)

.stack_process  0x20001338        0x0
                0x20001338                        __stack_process_start__ = .
 *(.stack_process .stack_process.*)
                0x20001338                        . = ALIGN (MAX ((__stack_process_start__ + __STACKSIZE_PROCESS__), .), 0x8)
                0x20001338                        __stack_process_end__ = (__stack_process_start__ + SIZEOF (.stack_process))
                0x00000000                        __stack_process_size__ = SIZEOF (.stack_process)
                0x20001338                        __stack_process_load_end__ = __stack_process_end__
                0x20001338                        __RAM_segment_used_end__ = (ALIGN (__stack_end__, 0x8) + SIZEOF (.stack_process))
                0x00001338                        __RAM_segment_used_size__ = (__RAM_segment_used_end__ - __RAM_segment_start__)
                0x00000001                        . = ASSERT (((__stack_process_start__ == __stack_process_end__) || ((__stack_process_end__ - __RAM_segment_start__) <= __RAM_segment_size__)), error: .stack_process is too large to fit in RAM memory segment)
                0x00000001                        . = ASSERT ((__STACKSIZE_PROCESS__ == ALIGN (__STACKSIZE_PROCESS__, 0x8)), error: .stack_process section size does not match alignment)
                0x00000001                        . = ASSERT ((__stack_process_size__ <= __STACKSIZE_PROCESS__), error: .stack_process section is larger than specified size)
START GROUP
LOAD clock_divider THUMB Debug/chip.o
LOAD clock_divider THUMB Debug/clock.o
LOAD clock_divider THUMB Debug/gpio.o
LOAD clock_divider THUMB Debug/timer.o
LOAD clock_divider THUMB Debug/usb.o
LOAD clock_divider THUMB Debug/event.o
LOAD clock_divider THUMB Debug/kernel.o
LOAD clock_divider THUMB Debug/task.o
LOAD clock_divider THUMB Debug/channels.o
LOAD clock_divider THUMB Debug/main.o
LOAD clock_divider THUMB Debug/seven_segment.o
LOAD clock_divider THUMB Debug/state_machine.o
LOAD clock_divider THUMB Debug/STM32_Startup.o
LOAD clock_divider THUMB Debug/thumb_crt0.o
LOAD /usr/share/crossworks_for_arm_4.10/lib/libm_v7em_t_le_eabi.a
LOAD /usr/share/crossworks_for_arm_4.10/lib/libc_v7em_t_le_eabi.a
LOAD /usr/share/crossworks_for_arm_4.10/lib/libdebugio_v7em_t_le_eabi.a
LOAD /usr/share/crossworks_for_arm_4.10/lib/libcm_v7em_t_le_eabi.a
END GROUP
OUTPUT(/home/morgan/Documents/coding/ClockDivider/firmware/clock_divider THUMB Debug/clock_divider.elf elf32-littlearm)
LOAD linker stubs

.debug_info     0x00000000     0x3f2f
 .debug_info    0x00000000       0x86 clock_divider THUMB Debug/chip.o
 .debug_info    0x00000086      0x5d2 clock_divider THUMB Debug/clock.o
 .debug_info    0x00000658      0x8b8 clock_divider THUMB Debug/gpio.o
 .debug_info    0x00000f10      0x5b7 clock_divider THUMB Debug/timer.o
 .debug_info    0x000014c7      0x3ce clock_divider THUMB Debug/event.o
 .debug_info    0x00001895      0x7f5 clock_divider THUMB Debug/kernel.o
 .debug_info    0x0000208a      0x696 clock_divider THUMB Debug/task.o
 .debug_info    0x00002720      0x179 clock_divider THUMB Debug/channels.o
 .debug_info    0x00002899      0x4db clock_divider THUMB Debug/main.o
 .debug_info    0x00002d74      0x8ec clock_divider THUMB Debug/seven_segment.o
 .debug_info    0x00003660      0x889 clock_divider THUMB Debug/state_machine.o
 .debug_info    0x00003ee9       0x24 clock_divider THUMB Debug/STM32_Startup.o
 .debug_info    0x00003f0d       0x22 clock_divider THUMB Debug/thumb_crt0.o

.debug_abbrev   0x00000000     0x12a5
 .debug_abbrev  0x00000000       0x4a clock_divider THUMB Debug/chip.o
 .debug_abbrev  0x0000004a       0xa0 clock_divider THUMB Debug/clock.o
 .debug_abbrev  0x000000ea      0x240 clock_divider THUMB Debug/gpio.o
 .debug_abbrev  0x0000032a      0x1a7 clock_divider THUMB Debug/timer.o
 .debug_abbrev  0x000004d1      0x1a0 clock_divider THUMB Debug/event.o
 .debug_abbrev  0x00000671      0x258 clock_divider THUMB Debug/kernel.o
 .debug_abbrev  0x000008c9      0x23d clock_divider THUMB Debug/task.o
 .debug_abbrev  0x00000b06      0x128 clock_divider THUMB Debug/channels.o
 .debug_abbrev  0x00000c2e      0x1a3 clock_divider THUMB Debug/main.o
 .debug_abbrev  0x00000dd1      0x256 clock_divider THUMB Debug/seven_segment.o
 .debug_abbrev  0x00001027      0x258 clock_divider THUMB Debug/state_machine.o
 .debug_abbrev  0x0000127f       0x14 clock_divider THUMB Debug/STM32_Startup.o
 .debug_abbrev  0x00001293       0x12 clock_divider THUMB Debug/thumb_crt0.o

.debug_pubnames
                0x00000000     0x2b34
 .debug_pubnames
                0x00000000       0x3d clock_divider THUMB Debug/chip.o
 .debug_pubnames
                0x0000003d      0x3ef clock_divider THUMB Debug/clock.o
 .debug_pubnames
                0x0000042c      0x6a4 clock_divider THUMB Debug/gpio.o
 .debug_pubnames
                0x00000ad0      0x11d clock_divider THUMB Debug/timer.o
 .debug_pubnames
                0x00000bed      0x177 clock_divider THUMB Debug/event.o
 .debug_pubnames
                0x00000d64      0x6dc clock_divider THUMB Debug/kernel.o
 .debug_pubnames
                0x00001440      0x301 clock_divider THUMB Debug/task.o
 .debug_pubnames
                0x00001741       0xbe clock_divider THUMB Debug/channels.o
 .debug_pubnames
                0x000017ff      0x27d clock_divider THUMB Debug/main.o
 .debug_pubnames
                0x00001a7c      0x85e clock_divider THUMB Debug/seven_segment.o
 .debug_pubnames
                0x000022da      0x85a clock_divider THUMB Debug/state_machine.o

.debug_pubtypes
                0x00000000      0xd0a
 .debug_pubtypes
                0x00000000       0x9f clock_divider THUMB Debug/chip.o
 .debug_pubtypes
                0x0000009f       0xbc clock_divider THUMB Debug/clock.o
 .debug_pubtypes
                0x0000015b      0x122 clock_divider THUMB Debug/gpio.o
 .debug_pubtypes
                0x0000027d       0xfb clock_divider THUMB Debug/timer.o
 .debug_pubtypes
                0x00000378      0x16f clock_divider THUMB Debug/event.o
 .debug_pubtypes
                0x000004e7      0x198 clock_divider THUMB Debug/kernel.o
 .debug_pubtypes
                0x0000067f      0x163 clock_divider THUMB Debug/task.o
 .debug_pubtypes
                0x000007e2       0xce clock_divider THUMB Debug/channels.o
 .debug_pubtypes
                0x000008b0      0x176 clock_divider THUMB Debug/main.o
 .debug_pubtypes
                0x00000a26      0x172 clock_divider THUMB Debug/seven_segment.o
 .debug_pubtypes
                0x00000b98      0x172 clock_divider THUMB Debug/state_machine.o

.debug_aranges  0x00000000      0x528
 .debug_aranges
                0x00000000       0x28 clock_divider THUMB Debug/chip.o
 .debug_aranges
                0x00000028      0x178 clock_divider THUMB Debug/clock.o
 .debug_aranges
                0x000001a0       0x68 clock_divider THUMB Debug/gpio.o
 .debug_aranges
                0x00000208       0x78 clock_divider THUMB Debug/timer.o
 .debug_aranges
                0x00000280       0x30 clock_divider THUMB Debug/event.o
 .debug_aranges
                0x000002b0       0x60 clock_divider THUMB Debug/kernel.o
 .debug_aranges
                0x00000310       0x78 clock_divider THUMB Debug/task.o
 .debug_aranges
                0x00000388       0x38 clock_divider THUMB Debug/channels.o
 .debug_aranges
                0x000003c0       0x48 clock_divider THUMB Debug/main.o
 .debug_aranges
                0x00000408       0x60 clock_divider THUMB Debug/seven_segment.o
 .debug_aranges
                0x00000468       0x48 clock_divider THUMB Debug/state_machine.o
 .debug_aranges
                0x000004b0       0x20 clock_divider THUMB Debug/STM32_Startup.o
 .debug_aranges
                0x000004d0       0x58 clock_divider THUMB Debug/thumb_crt0.o

.debug_ranges   0x00000000      0x450
 .debug_ranges  0x00000000       0x18 clock_divider THUMB Debug/chip.o
 .debug_ranges  0x00000018      0x168 clock_divider THUMB Debug/clock.o
 .debug_ranges  0x00000180       0x58 clock_divider THUMB Debug/gpio.o
 .debug_ranges  0x000001d8       0x68 clock_divider THUMB Debug/timer.o
 .debug_ranges  0x00000240       0x20 clock_divider THUMB Debug/event.o
 .debug_ranges  0x00000260       0x50 clock_divider THUMB Debug/kernel.o
 .debug_ranges  0x000002b0       0x68 clock_divider THUMB Debug/task.o
 .debug_ranges  0x00000318       0x28 clock_divider THUMB Debug/channels.o
 .debug_ranges  0x00000340       0x38 clock_divider THUMB Debug/main.o
 .debug_ranges  0x00000378       0x50 clock_divider THUMB Debug/seven_segment.o
 .debug_ranges  0x000003c8       0x38 clock_divider THUMB Debug/state_machine.o
 .debug_ranges  0x00000400       0x50 clock_divider THUMB Debug/thumb_crt0.o

.debug_macro    0x00000000    0x146c4
 .debug_macro   0x00000000       0x97 clock_divider THUMB Debug/chip.o
 .debug_macro   0x00000097      0xb4a clock_divider THUMB Debug/chip.o
 .debug_macro   0x00000be1      0x18d clock_divider THUMB Debug/chip.o
 .debug_macro   0x00000d6e       0x28 clock_divider THUMB Debug/chip.o
 .debug_macro   0x00000d96       0x1c clock_divider THUMB Debug/chip.o
 .debug_macro   0x00000db2       0x22 clock_divider THUMB Debug/chip.o
 .debug_macro   0x00000dd4       0xf4 clock_divider THUMB Debug/chip.o
 .debug_macro   0x00000ec8     0x1011 clock_divider THUMB Debug/chip.o
 .debug_macro   0x00001ed9      0x11f clock_divider THUMB Debug/chip.o
 .debug_macro   0x00001ff8    0x11778 clock_divider THUMB Debug/chip.o
 .debug_macro   0x00013770       0x10 clock_divider THUMB Debug/chip.o
 .debug_macro   0x00013780       0x76 clock_divider THUMB Debug/clock.o
 .debug_macro   0x000137f6       0xb9 clock_divider THUMB Debug/gpio.o
 .debug_macro   0x000138af       0x88 clock_divider THUMB Debug/gpio.o
 .debug_macro   0x00013937       0x40 clock_divider THUMB Debug/gpio.o
 .debug_macro   0x00013977       0xd5 clock_divider THUMB Debug/timer.o
 .debug_macro   0x00013a4c       0x90 clock_divider THUMB Debug/timer.o
 .debug_macro   0x00013adc       0x1c clock_divider THUMB Debug/timer.o
 .debug_macro   0x00013af8      0x148 clock_divider THUMB Debug/timer.o
 .debug_macro   0x00013c40       0xec clock_divider THUMB Debug/event.o
 .debug_macro   0x00013d2c       0x22 clock_divider THUMB Debug/event.o
 .debug_macro   0x00013d4e       0x3a clock_divider THUMB Debug/event.o
 .debug_macro   0x00013d88       0x1c clock_divider THUMB Debug/event.o
 .debug_macro   0x00013da4       0xfd clock_divider THUMB Debug/kernel.o
 .debug_macro   0x00013ea1       0xf9 clock_divider THUMB Debug/task.o
 .debug_macro   0x00013f9a       0x22 clock_divider THUMB Debug/task.o
 .debug_macro   0x00013fbc       0x2e clock_divider THUMB Debug/task.o
 .debug_macro   0x00013fea       0x22 clock_divider THUMB Debug/task.o
 .debug_macro   0x0001400c       0xf2 clock_divider THUMB Debug/channels.o
 .debug_macro   0x000140fe      0x11e clock_divider THUMB Debug/channels.o
 .debug_macro   0x0001421c       0x10 clock_divider THUMB Debug/channels.o
 .debug_macro   0x0001422c       0x78 clock_divider THUMB Debug/channels.o
 .debug_macro   0x000142a4       0x34 clock_divider THUMB Debug/channels.o
 .debug_macro   0x000142d8      0x174 clock_divider THUMB Debug/main.o
 .debug_macro   0x0001444c      0x12f clock_divider THUMB Debug/seven_segment.o
 .debug_macro   0x0001457b      0x149 clock_divider THUMB Debug/state_machine.o

.debug_line     0x00000000     0x35b7
 .debug_line    0x00000000      0x2c3 clock_divider THUMB Debug/chip.o
 .debug_line    0x000002c3      0x665 clock_divider THUMB Debug/clock.o
 .debug_line    0x00000928      0x62c clock_divider THUMB Debug/gpio.o
 .debug_line    0x00000f54      0x55c clock_divider THUMB Debug/timer.o
 .debug_line    0x000014b0      0x3fa clock_divider THUMB Debug/event.o
 .debug_line    0x000018aa      0x3ee clock_divider THUMB Debug/kernel.o
 .debug_line    0x00001c98      0x575 clock_divider THUMB Debug/task.o
 .debug_line    0x0000220d      0x30e clock_divider THUMB Debug/channels.o
 .debug_line    0x0000251b      0x4c2 clock_divider THUMB Debug/main.o
 .debug_line    0x000029dd      0x4aa clock_divider THUMB Debug/seven_segment.o
 .debug_line    0x00002e87      0x49b clock_divider THUMB Debug/state_machine.o
 .debug_line    0x00003322      0x114 clock_divider THUMB Debug/STM32_Startup.o
 .debug_line    0x00003436      0x181 clock_divider THUMB Debug/thumb_crt0.o

.debug_str      0x00000000    0x7297e
 .debug_str     0x00000000    0x6fff6 clock_divider THUMB Debug/chip.o
                              0x70089 (size before relaxing)
 .debug_str     0x0006fff6      0x4b6 clock_divider THUMB Debug/clock.o
                              0x70497 (size before relaxing)
 .debug_str     0x000704ac      0x945 clock_divider THUMB Debug/gpio.o
                              0x70a04 (size before relaxing)
 .debug_str     0x00070df1      0x962 clock_divider THUMB Debug/timer.o
                              0x70978 (size before relaxing)
 .debug_str     0x00071753      0x31b clock_divider THUMB Debug/event.o
                              0x7069d (size before relaxing)
 .debug_str     0x00071a6e      0x19e clock_divider THUMB Debug/kernel.o
                              0x70c0d (size before relaxing)
 .debug_str     0x00071c0c      0x1d4 clock_divider THUMB Debug/task.o
                              0x70852 (size before relaxing)
 .debug_str     0x00071de0      0x5ed clock_divider THUMB Debug/channels.o
                              0x71007 (size before relaxing)
 .debug_str     0x000723cd      0x1f8 clock_divider THUMB Debug/main.o
                              0x71381 (size before relaxing)
 .debug_str     0x000725c5      0x1a4 clock_divider THUMB Debug/seven_segment.o
                              0x714d8 (size before relaxing)
 .debug_str     0x00072769      0x16b clock_divider THUMB Debug/state_machine.o
                              0x7150c (size before relaxing)
 .debug_str     0x000728d4       0x73 clock_divider THUMB Debug/STM32_Startup.o
                                 0xa7 (size before relaxing)
 .debug_str     0x00072947       0x37 clock_divider THUMB Debug/thumb_crt0.o
                                 0x79 (size before relaxing)

.comment        0x00000000       0x3d
 .comment       0x00000000       0x3d clock_divider THUMB Debug/chip.o
                                 0x3e (size before relaxing)
 .comment       0x0000003d       0x3e clock_divider THUMB Debug/clock.o
 .comment       0x0000003d       0x3e clock_divider THUMB Debug/gpio.o
 .comment       0x0000003d       0x3e clock_divider THUMB Debug/timer.o
 .comment       0x0000003d       0x3e clock_divider THUMB Debug/event.o
 .comment       0x0000003d       0x3e clock_divider THUMB Debug/kernel.o
 .comment       0x0000003d       0x3e clock_divider THUMB Debug/task.o
 .comment       0x0000003d       0x3e clock_divider THUMB Debug/channels.o
 .comment       0x0000003d       0x3e clock_divider THUMB Debug/main.o
 .comment       0x0000003d       0x3e clock_divider THUMB Debug/seven_segment.o
 .comment       0x0000003d       0x3e clock_divider THUMB Debug/state_machine.o
 .comment       0x0000003d       0x3e /usr/share/crossworks_for_arm_4.10/lib/libdebugio_v7em_t_le_eabi.a(mempoll_debug_operations.o)
 .comment       0x0000003d       0x3e /usr/share/crossworks_for_arm_4.10/lib/libdebugio_v7em_t_le_eabi.a(libdebugio.o)

.ARM.attributes
                0x00000000       0x2e
 .ARM.attributes
                0x00000000       0x30 clock_divider THUMB Debug/chip.o
 .ARM.attributes
                0x00000030       0x30 clock_divider THUMB Debug/clock.o
 .ARM.attributes
                0x00000060       0x30 clock_divider THUMB Debug/gpio.o
 .ARM.attributes
                0x00000090       0x30 clock_divider THUMB Debug/timer.o
 .ARM.attributes
                0x000000c0       0x30 clock_divider THUMB Debug/event.o
 .ARM.attributes
                0x000000f0       0x30 clock_divider THUMB Debug/kernel.o
 .ARM.attributes
                0x00000120       0x30 clock_divider THUMB Debug/task.o
 .ARM.attributes
                0x00000150       0x30 clock_divider THUMB Debug/channels.o
 .ARM.attributes
                0x00000180       0x30 clock_divider THUMB Debug/main.o
 .ARM.attributes
                0x000001b0       0x30 clock_divider THUMB Debug/seven_segment.o
 .ARM.attributes
                0x000001e0       0x30 clock_divider THUMB Debug/state_machine.o
 .ARM.attributes
                0x00000210       0x1c clock_divider THUMB Debug/STM32_Startup.o
 .ARM.attributes
                0x0000022c       0x1c clock_divider THUMB Debug/thumb_crt0.o
 .ARM.attributes
                0x00000248       0x1c /usr/share/crossworks_for_arm_4.10/lib/libdebugio_v7em_t_le_eabi.a(libdebugio_asm.o)
 .ARM.attributes
                0x00000264       0x30 /usr/share/crossworks_for_arm_4.10/lib/libdebugio_v7em_t_le_eabi.a(mempoll_debug_operations.o)
 .ARM.attributes
                0x00000294       0x30 /usr/share/crossworks_for_arm_4.10/lib/libdebugio_v7em_t_le_eabi.a(libdebugio.o)

.stack_sizes    0x00000000        0xf
 .stack_sizes   0x00000000        0x5 /usr/share/crossworks_for_arm_4.10/lib/libdebugio_v7em_t_le_eabi.a(mempoll_debug_operations.o)
 .stack_sizes   0x00000005        0x5 /usr/share/crossworks_for_arm_4.10/lib/libdebugio_v7em_t_le_eabi.a(libdebugio.o)
 .stack_sizes   0x0000000a        0x5 /usr/share/crossworks_for_arm_4.10/lib/libdebugio_v7em_t_le_eabi.a(libdebugio.o)

.debug_frame    0x00000000      0xa90
 .debug_frame   0x00000000       0x30 clock_divider THUMB Debug/chip.o
 .debug_frame   0x00000030      0x2d0 clock_divider THUMB Debug/clock.o
 .debug_frame   0x00000300      0x10c clock_divider THUMB Debug/gpio.o
 .debug_frame   0x0000040c      0x13c clock_divider THUMB Debug/timer.o
 .debug_frame   0x00000548       0x68 clock_divider THUMB Debug/event.o
 .debug_frame   0x000005b0       0xc8 clock_divider THUMB Debug/kernel.o
 .debug_frame   0x00000678      0x140 clock_divider THUMB Debug/task.o
 .debug_frame   0x000007b8       0x78 clock_divider THUMB Debug/channels.o
 .debug_frame   0x00000830       0xac clock_divider THUMB Debug/main.o
 .debug_frame   0x000008dc      0x100 clock_divider THUMB Debug/seven_segment.o
 .debug_frame   0x000009dc       0xb4 clock_divider THUMB Debug/state_machine.o
