Archive member included to satisfy reference by file (symbol)

/usr/share/crossworks_for_arm_4.9/lib/libc_v7em_t_le_eabi.a(libvfprintf.o)
                              (__vfprintf_float_long_long)
/usr/share/crossworks_for_arm_4.9/lib/libc_v7em_t_le_eabi.a(libvfscanf.o)
                              (__vfscanf_float_long_long_cc)
/usr/share/crossworks_for_arm_4.9/lib/libc_v7em_t_le_eabi.a(libc2.o)
                              /usr/share/crossworks_for_arm_4.9/lib/libc_v7em_t_le_eabi.a(libvfscanf.o) (__getc)
/usr/share/crossworks_for_arm_4.9/lib/libc_v7em_t_le_eabi.a(libc2_asm.o)
                              /usr/share/crossworks_for_arm_4.9/lib/libc_v7em_t_le_eabi.a(libc2.o) (memcpy)
/usr/share/crossworks_for_arm_4.9/lib/libc_v7em_t_le_eabi.a(libc.o)
                              /usr/share/crossworks_for_arm_4.9/lib/libc_v7em_t_le_eabi.a(libc2.o) (__heap_lock)
/usr/share/crossworks_for_arm_4.9/lib/libc_v7em_t_le_eabi.a(libc_asm.o)
                              /usr/share/crossworks_for_arm_4.9/lib/libc_v7em_t_le_eabi.a(libc2.o) (__aeabi_uldivmod)
/usr/share/crossworks_for_arm_4.9/lib/libdebugio_v7em_t_le_eabi.a(libdebugio.o)
                              /usr/share/crossworks_for_arm_4.9/lib/libc_v7em_t_le_eabi.a(libc_asm.o) (debug_fopen)
/usr/share/crossworks_for_arm_4.9/lib/libdebugio_v7em_t_le_eabi.a(libdebugio_asm.o)
                              clock_divider THUMB Debug/main.o (debug_printf)
/usr/share/crossworks_for_arm_4.9/lib/libdebugio_v7em_t_le_eabi.a(do_nv_debug_operation.o)
                              /usr/share/crossworks_for_arm_4.9/lib/libdebugio_v7em_t_le_eabi.a(libdebugio.o) (__do_nvdebug_operation)
/usr/share/crossworks_for_arm_4.9/lib/libdebugio_v7em_t_le_eabi.a(mempoll_debug_operations.o)
                              (__do_debug_operation_mempoll)
/usr/share/crossworks_for_arm_4.9/lib/libm_v7em_t_le_eabi.a(libm_asm.o)
                              /usr/share/crossworks_for_arm_4.9/lib/libc_v7em_t_le_eabi.a(libc2.o) (__aeabi_i2f)
/usr/share/crossworks_for_arm_4.9/lib/libm_v7em_t_le_eabi.a(libm2.o)
                              /usr/share/crossworks_for_arm_4.9/lib/libc_v7em_t_le_eabi.a(libvfprintf.o) (frexp)
/usr/share/crossworks_for_arm_4.9/lib/libm_v7em_t_le_eabi.a(libm2_asm.o)
                              /usr/share/crossworks_for_arm_4.9/lib/libm_v7em_t_le_eabi.a(libm2.o) (fabs)

Discarded input sections

 .group         0x0000000000000000        0xc clock_divider THUMB Debug/chip.o
 .group         0x0000000000000000        0xc clock_divider THUMB Debug/chip.o
 .group         0x0000000000000000        0xc clock_divider THUMB Debug/chip.o
 .group         0x0000000000000000        0xc clock_divider THUMB Debug/chip.o
 .group         0x0000000000000000        0xc clock_divider THUMB Debug/chip.o
 .group         0x0000000000000000        0xc clock_divider THUMB Debug/chip.o
 .group         0x0000000000000000        0xc clock_divider THUMB Debug/chip.o
 .group         0x0000000000000000        0xc clock_divider THUMB Debug/chip.o
 .group         0x0000000000000000        0xc clock_divider THUMB Debug/chip.o
 .group         0x0000000000000000        0xc clock_divider THUMB Debug/chip.o
 .text          0x0000000000000000        0x0 clock_divider THUMB Debug/chip.o
 .data          0x0000000000000000        0x0 clock_divider THUMB Debug/chip.o
 .bss           0x0000000000000000        0x0 clock_divider THUMB Debug/chip.o
 .text.chip_enable_isrs
                0x0000000000000000        0x6 clock_divider THUMB Debug/chip.o
 .text.chip_disable_isrs
                0x0000000000000000        0x6 clock_divider THUMB Debug/chip.o
 .debug_frame   0x0000000000000000       0x30 clock_divider THUMB Debug/chip.o
 .debug_info    0x0000000000000000       0x86 clock_divider THUMB Debug/chip.o
 .debug_abbrev  0x0000000000000000       0x4a clock_divider THUMB Debug/chip.o
 .debug_pubnames
                0x0000000000000000       0x3d clock_divider THUMB Debug/chip.o
 .debug_pubtypes
                0x0000000000000000       0x9f clock_divider THUMB Debug/chip.o
 .debug_aranges
                0x0000000000000000       0x28 clock_divider THUMB Debug/chip.o
 .debug_ranges  0x0000000000000000       0x18 clock_divider THUMB Debug/chip.o
 .debug_macro   0x0000000000000000       0x97 clock_divider THUMB Debug/chip.o
 .debug_macro   0x0000000000000000      0xb38 clock_divider THUMB Debug/chip.o
 .debug_macro   0x0000000000000000      0x18d clock_divider THUMB Debug/chip.o
 .debug_macro   0x0000000000000000       0x3a clock_divider THUMB Debug/chip.o
 .debug_macro   0x0000000000000000       0x1c clock_divider THUMB Debug/chip.o
 .debug_macro   0x0000000000000000       0x22 clock_divider THUMB Debug/chip.o
 .debug_macro   0x0000000000000000       0xf4 clock_divider THUMB Debug/chip.o
 .debug_macro   0x0000000000000000     0x1011 clock_divider THUMB Debug/chip.o
 .debug_macro   0x0000000000000000      0x11f clock_divider THUMB Debug/chip.o
[...]
Memory Configuration

Name             Origin             Length             Attributes
UNPLACED_SECTIONS 0x0000000100000000 0x0000000000000000 xw
FLASH            0x0000000008000000 0x0000000000040000 xr
SRAM2            0x0000000010000000 0x0000000000008000 xw
SYSTEM           0x000000001fff0000 0x0000000000007000 xw
OTP              0x000000001fff7000 0x0000000000000400 xw
ENGINEERING_BYTES 0x000000001fff7400 0x0000000000000400 xw
OPTION_BYTES     0x000000001fff7800 0x0000000000000800 xw
RAM              0x0000000020000000 0x0000000000010000 xw
APB1             0x0000000040000000 0x000000000000b400 xw
APB2             0x0000000040010000 0x0000000000004c00 xw
AHB1             0x0000000040020000 0x0000000000600000 xw
AHB2             0x0000000048000000 0x0000000000002000 xw
AHB3             0x0000000058000000 0x0000000000004400 xw
APB3             0x0000000058010000 0x0000000000000400 xw
PPB              0x00000000e0000000 0x0000000000100000 xw
*default*        0x0000000000000000 0xffffffffffffffff

Linker script and memory map

                0x000000000800148c                __do_debug_operation = __do_debug_operation_mempoll
                0x0000000000000000                __vfprintf = __vfprintf_float_long_long
                0x0000000000000000                __vfscanf = __vfscanf_float_long_long_cc
                0x0000000008000000                __FLASH_segment_start__ = 0x8000000
                0x0000000008040000                __FLASH_segment_end__ = 0x8040000
                0x0000000000040000                __FLASH_segment_size__ = 0x40000
                0x0000000010000000                __SRAM2_segment_start__ = 0x10000000
                0x0000000010008000                __SRAM2_segment_end__ = 0x10008000
                0x0000000000008000                __SRAM2_segment_size__ = 0x8000
                0x000000001fff0000                __SYSTEM_segment_start__ = 0x1fff0000
                0x000000001fff7000                __SYSTEM_segment_end__ = 0x1fff7000
                0x0000000000007000                __SYSTEM_segment_size__ = 0x7000
                0x000000001fff7000                __OTP_segment_start__ = 0x1fff7000
                0x000000001fff7400                __OTP_segment_end__ = 0x1fff7400
                0x0000000000000400                __OTP_segment_size__ = 0x400
                0x000000001fff7400                __ENGINEERING_BYTES_segment_start__ = 0x1fff7400
                0x000000001fff7800                __ENGINEERING_BYTES_segment_end__ = 0x1fff7800
                0x0000000000000400                __ENGINEERING_BYTES_segment_size__ = 0x400
                0x000000001fff7800                __OPTION_BYTES_segment_start__ = 0x1fff7800
                0x000000001fff8000                __OPTION_BYTES_segment_end__ = 0x1fff8000
                0x0000000000000800                __OPTION_BYTES_segment_size__ = 0x800
                0x0000000020000000                __RAM_segment_start__ = 0x20000000
                0x0000000020010000                __RAM_segment_end__ = 0x20010000
                0x0000000000010000                __RAM_segment_size__ = 0x10000
                0x0000000040000000                __APB1_segment_start__ = 0x40000000
                0x000000004000b400                __APB1_segment_end__ = 0x4000b400
                0x000000000000b400                __APB1_segment_size__ = 0xb400
                0x0000000040010000                __APB2_segment_start__ = 0x40010000
                0x0000000040014c00                __APB2_segment_end__ = 0x40014c00
                0x0000000000004c00                __APB2_segment_size__ = 0x4c00
                0x0000000040020000                __AHB1_segment_start__ = 0x40020000
                0x0000000040620000                __AHB1_segment_end__ = 0x40620000
                0x0000000000600000                __AHB1_segment_size__ = 0x600000
                0x0000000048000000                __AHB2_segment_start__ = 0x48000000
                0x0000000048002000                __AHB2_segment_end__ = 0x48002000
                0x0000000000002000                __AHB2_segment_size__ = 0x2000
                0x0000000058000000                __AHB3_segment_start__ = 0x58000000
                0x0000000058004400                __AHB3_segment_end__ = 0x58004400
                0x0000000000004400                __AHB3_segment_size__ = 0x4400
                0x0000000058010000                __APB3_segment_start__ = 0x58010000
                0x0000000058010400                __APB3_segment_end__ = 0x58010400
                0x0000000000000400                __APB3_segment_size__ = 0x400
                0x00000000e0000000                __PPB_segment_start__ = 0xe0000000
                0x00000000e0100000                __PPB_segment_end__ = 0xe0100000
                0x0000000000100000                __PPB_segment_size__ = 0x100000
                0x0000000000000080                __HEAPSIZE__ = 0x80
                0x0000000000000000                __STACKSIZE_ABT__ = 0x0
                0x0000000000000000                __STACKSIZE_FIQ__ = 0x0
                0x0000000000000000                __STACKSIZE_IRQ__ = 0x0
                0x0000000000000000                __STACKSIZE_PROCESS__ = 0x0
                0x0000000000000000                __STACKSIZE_SVC__ = 0x0
                0x0000000000000000                __STACKSIZE_UND__ = 0x0
                0x0000000000000100                __STACKSIZE__ = 0x100
                0x0000000020000000                __vectors_ram_load_start__ = ALIGN (__RAM_segment_start__, 0x100)

.vectors_ram    0x0000000020000000        0x0
                0x0000000020000000                __vectors_ram_start__ = .
 *(.vectors_ram .vectors_ram.*)
                0x0000000020000000                __vectors_ram_end__ = (__vectors_ram_start__ + SIZEOF (.vectors_ram))
                0x0000000000000000                __vectors_ram_size__ = SIZEOF (.vectors_ram)
                0x0000000020000000                __vectors_ram_load_end__ = __vectors_ram_end__
                0x0000000000000001                . = ASSERT (((__vectors_ram_start__ == __vectors_ram_end__) || ((__vectors_ram_end__ - __RAM_segment_start__) <= __RAM_segment_size__)), error: .vectors_ram is too large to fit in RAM memory segment)
                0x0000000008000000                __vectors_load_start__ = ALIGN (__FLASH_segment_start__, 0x100)

.vectors        0x0000000008000000      0x138
                0x0000000008000000                __vectors_start__ = .
 *(.vectors .vectors.*)
 .vectors       0x0000000008000000      0x138 clock_divider THUMB Debug/STM32_Startup.o
                0x0000000008000000                _vectors
                0x0000000008000138                __vectors_end__ = (__vectors_start__ + SIZEOF (.vectors))
                0x0000000000000138                __vectors_size__ = SIZEOF (.vectors)
                0x0000000008000138                __vectors_load_end__ = __vectors_end__
                0x0000000000000001                . = ASSERT (((__vectors_start__ == __vectors_end__) || ((__vectors_end__ - __FLASH_segment_start__) <= __FLASH_segment_size__)), error: .vectors is too large to fit in FLASH memory segment)
                0x0000000008000138                __init_load_start__ = ALIGN (__vectors_end__, 0x4)

.init           0x0000000008000138      0x204
                0x0000000008000138                __init_start__ = .
 *(.init .init.*)
 .init          0x0000000008000138       0xb0 clock_divider THUMB Debug/STM32_Startup.o
                0x0000000008000138                NMI_Handler
                0x000000000800013a                HardFault_Handler
                0x000000000800013c                MemManage_Handler
                0x000000000800013e                BusFault_Handler
                0x0000000008000140                UsageFault_Handler
                0x0000000008000142                SVC_Handler
                0x0000000008000144                DebugMon_Handler
                0x0000000008000146                PendSV_Handler
                0x0000000008000148                SysTick_Handler
                0x000000000800014a                WWDG_IRQHandler
                0x000000000800014c                PVD_PVM_IRQHandler
                0x000000000800014e                TAMP_STAMP_LSECSS_SSRU_IRQHandler
                0x0000000008000150                RTC_WKUP_IRQHandler
                0x0000000008000152                FLASH_IRQHandler
                0x0000000008000154                RCC_IRQHandler
                0x0000000008000156                EXTI0_IRQHandler
                0x0000000008000158                EXTI1_IRQHandler
                0x000000000800015a                EXTI2_IRQHandler
                0x000000000800015c                EXTI3_IRQHandler
                0x000000000800015e                EXTI4_IRQHandler
                0x0000000008000160                DMA1_Channel1_IRQHandler
                0x0000000008000162                DMA1_Channel2_IRQHandler
                0x0000000008000164                DMA1_Channel3_IRQHandler
                0x0000000008000166                DMA1_Channel4_IRQHandler
                0x0000000008000168                DMA1_Channel5_IRQHandler
                0x000000000800016a                DMA1_Channel6_IRQHandler
                0x000000000800016c                DMA1_Channel7_IRQHandler
                0x000000000800016e                ADC_IRQHandler
                0x0000000008000170                DAC_IRQHandler
                0x0000000008000172                C2SEV_PWR_C2H_IRQHandler
                0x0000000008000174                COMP_IRQHandler
                0x0000000008000176                EXTI9_5_IRQHandler
                0x0000000008000178                TIM1_BRK_IRQHandler
                0x000000000800017a                TIM1_UP_IRQHandler
                0x000000000800017c                TIM1_TRG_COM_IRQHandler
                0x000000000800017e                TIM1_CC_IRQHandler
                0x0000000008000180                TIM2_IRQHandler
                0x0000000008000186                I2C1_EV_IRQHandler
                0x0000000008000188                I2C1_ER_IRQHandler
                0x000000000800018a                I2C2_EV_IRQHandler
                0x000000000800018c                I2C2_ER_IRQHandler
                0x000000000800018e                SPI1_IRQHandler
                0x0000000008000190                SPI2_IRQHandler
                0x0000000008000192                USART1_IRQHandler
                0x0000000008000194                USART2_IRQHandler
                0x0000000008000196                LPUART1_IRQHandler
                0x0000000008000198                LPTIM1_IRQHandler
                0x000000000800019a                LPTIM2_IRQHandler
                0x000000000800019c                EXTI15_10_IRQHandler
                0x000000000800019e                RTC_Alarm_IRQHandler
                0x00000000080001a0                LPTIM3_IRQHandler
                0x00000000080001a2                SUBGHZSPI_IRQHandler
                0x00000000080001a4                IPCC_C1_RX_IRQHandler
                0x00000000080001a6                IPCC_C1_TX_IRQHandler
                0x00000000080001a8                HSEM_IRQHandler
                0x00000000080001aa                I2C3_EV_IRQHandler
                0x00000000080001ac                I2C3_ER_IRQHandler
                0x00000000080001ae                SUBGHZ_Radio_IRQHandler
                0x00000000080001b0                AES_IRQHandler
                0x00000000080001b4                PKA_IRQHandler
                0x00000000080001b6                DMA2_Channel1_IRQHandler
                0x00000000080001b8                DMA2_Channel2_IRQHandler
                0x00000000080001ba                DMA2_Channel3_IRQHandler
                0x00000000080001bc                DMA2_Channel4_IRQHandler
                0x00000000080001be                DMA2_Channel5_IRQHandler
                0x00000000080001c0                DMA2_Channel6_IRQHandler
                0x00000000080001c2                DMA2_Channel7_IRQHandler
                0x00000000080001c4                DMAMUX1_OVR_IRQHandler
                0x00000000080001c6                reset_handler
                0x00000000080001d8                SystemInit
 .init          0x00000000080001e8      0x154 clock_divider THUMB Debug/thumb_crt0.o
                0x00000000080001e8                _start
                0x0000000008000298                exit
                0x000000000800033c                __init_end__ = (__init_start__ + SIZEOF (.init))
                0x0000000000000204                __init_size__ = SIZEOF (.init)
                0x000000000800033c                __init_load_end__ = __init_end__
                0x0000000000000001                . = ASSERT (((__init_start__ == __init_end__) || ((__init_end__ - __FLASH_segment_start__) <= __FLASH_segment_size__)), error: .init is too large to fit in FLASH memory segment)
                0x000000000800033c                __init_rodata_load_start__ = ALIGN (__init_end__, 0x4)

.init_rodata    0x000000000800033c        0x0
                0x000000000800033c                __init_rodata_start__ = .
 *(.init_rodata .init_rodata.*)
                0x000000000800033c                __init_rodata_end__ = (__init_rodata_start__ + SIZEOF (.init_rodata))
                0x0000000000000000                __init_rodata_size__ = SIZEOF (.init_rodata)
                0x000000000800033c                __init_rodata_load_end__ = __init_rodata_end__
                0x0000000000000001                . = ASSERT (((__init_rodata_start__ == __init_rodata_end__) || ((__init_rodata_end__ - __FLASH_segment_start__) <= __FLASH_segment_size__)), error: .init_rodata is too large to fit in FLASH memory segment)
                0x000000000800033c                __text_load_start__ = ALIGN (__init_rodata_end__, 0x4)

.text           0x000000000800033c     0x1180
                0x000000000800033c                __text_start__ = .
 *(.text .text.* .gnu.linkonce.t.* .glue_7t .glue_7 .gcc_except_table .ARM.extab* .gnu.linkonce.armextab.*)
 .glue_7        0x000000000800033c        0x0 linker stubs
 .glue_7t       0x000000000800033c        0x0 linker stubs
 .text.gpioa_clock_enable
                0x000000000800033c       0x14 clock_divider THUMB Debug/clock.o
                0x000000000800033c                gpioa_clock_enable
 .text.gpiob_clock_enable
                0x0000000008000350       0x14 clock_divider THUMB Debug/clock.o
                0x0000000008000350                gpiob_clock_enable
 .text.gpioc_clock_enable
                0x0000000008000364       0x14 clock_divider THUMB Debug/clock.o
                0x0000000008000364                gpioc_clock_enable
 .text.tim16_clock_enable
                0x0000000008000378       0x14 clock_divider THUMB Debug/clock.o
                0x0000000008000378                tim16_clock_enable
 .text.tim17_clock_enable
                0x000000000800038c       0x14 clock_divider THUMB Debug/clock.o
                0x000000000800038c                tim17_clock_enable
 .text.__NVIC_EnableIRQ
                0x00000000080003a0       0x34 clock_divider THUMB Debug/gpio.o
 .text.gpio_get_exti_index
                0x00000000080003d4       0x88 clock_divider THUMB Debug/gpio.o
 .text.gpio_get_exti_pin_num
                0x000000000800045c       0x9c clock_divider THUMB Debug/gpio.o
 .text.gpio_nvic_enable
                0x00000000080004f8       0x9c clock_divider THUMB Debug/gpio.o
 .text.gpio_config_pin
                0x0000000008000594      0x3c0 clock_divider THUMB Debug/gpio.o
                0x0000000008000594                gpio_config_pin
 .text.gpio_set
                0x0000000008000954       0x4c clock_divider THUMB Debug/gpio.o
                0x0000000008000954                gpio_set
 .text.gpio_reset
                0x00000000080009a0       0x4c clock_divider THUMB Debug/gpio.o
                0x00000000080009a0                gpio_reset
 .text.gpio_get
                0x00000000080009ec       0x54 clock_divider THUMB Debug/gpio.o
                0x00000000080009ec                gpio_get
 .text.RNG_IRQHandler
                0x0000000008000a40       0x6c clock_divider THUMB Debug/rng.o
                0x0000000008000a40                RNG_IRQHandler
 .text.timer_set_clock_source
                0x0000000008000aac       0x48 clock_divider THUMB Debug/timer.o
 .text.timer_ccmr_mode_index
                0x0000000008000af4       0x50 clock_divider THUMB Debug/timer.o
 .text.timer_output_enable
                0x0000000008000b44       0x68 clock_divider THUMB Debug/timer.o
 .text.timer_ccmr_init
                0x0000000008000bac       0x8c clock_divider THUMB Debug/timer.o
 .text.timer_init
                0x0000000008000c38      0x110 clock_divider THUMB Debug/timer.o
                0x0000000008000c38                timer_init
 .text.timer_overflow
                0x0000000008000d48       0x34 clock_divider THUMB Debug/timer.o
                0x0000000008000d48                timer_overflow
 .text.timer_enable_isr
                0x0000000008000d7c       0x84 clock_divider THUMB Debug/timer.o
                0x0000000008000d7c                timer_enable_isr
 .text.timer_clear_uif_flag
                0x0000000008000e00       0x38 clock_divider THUMB Debug/timer.o
                0x0000000008000e00                timer_clear_uif_flag
 .text.timer_start
                0x0000000008000e38       0x3c clock_divider THUMB Debug/timer.o
                0x0000000008000e38                timer_start
 .text.assert_failed
                0x0000000008000e74       0x10 clock_divider THUMB Debug/main.o
                0x0000000008000e74                assert_failed
 .text.main     0x0000000008000e84       0x10 clock_divider THUMB Debug/main.o
                0x0000000008000e84                main
 .text.__NVIC_EnableIRQ
                0x0000000008000e94       0x34 clock_divider THUMB Debug/seven_segment.o
 .text.segment_enable
                0x0000000008000ec8       0x24 clock_divider THUMB Debug/seven_segment.o
 .text.segment_disable
                0x0000000008000eec       0x24 clock_divider THUMB Debug/seven_segment.o
 .text.display_enable
                0x0000000008000f10       0x24 clock_divider THUMB Debug/seven_segment.o
 .text.display_disable
                0x0000000008000f34       0x24 clock_divider THUMB Debug/seven_segment.o
 .text.seven_seg_display
                0x0000000008000f58       0x68 clock_divider THUMB Debug/seven_segment.o
                0x0000000008000f58                seven_seg_display
 .text.seven_seg_init
                0x0000000008000fc0       0xb0 clock_divider THUMB Debug/seven_segment.o
                0x0000000008000fc0                seven_seg_init
 .text.TIM16_IRQHandler
                0x0000000008001070       0xf8 clock_divider THUMB Debug/seven_segment.o
                0x0000000008001070                TIM16_IRQHandler
 .text.__NVIC_EnableIRQ
                0x0000000008001168       0x34 clock_divider THUMB Debug/state_machine.o
 .text.state_machine_init
                0x000000000800119c       0xd8 clock_divider THUMB Debug/state_machine.o
                0x000000000800119c                state_machine_init
 .text.state_machine_run
                0x0000000008001274       0xd0 clock_divider THUMB Debug/state_machine.o
 .text.TIM17_IRQHandler
                0x0000000008001344       0xa0 clock_divider THUMB Debug/state_machine.o
                0x0000000008001344                TIM17_IRQHandler
 .text.channel_led_set
                0x00000000080013e4       0x60 clock_divider THUMB Debug/channels.o
                0x00000000080013e4                channel_led_set
 .text.channel_leds_init
                0x0000000008001444       0x1a clock_divider THUMB Debug/channels.o
                0x0000000008001444                channel_leds_init
 .text.channel_set_division
                0x000000000800145e       0x16 clock_divider THUMB Debug/channels.o
                0x000000000800145e                channel_set_division
 .text.libdebugio.__debug_io_lock
                0x0000000008001474        0x2 /usr/share/crossworks_for_arm_4.9/lib/libdebugio_v7em_t_le_eabi.a(libdebugio.o)
                0x0000000008001474                __debug_io_lock
 .text.libdebugio.__debug_io_unlock
                0x0000000008001476        0x2 /usr/share/crossworks_for_arm_4.9/lib/libdebugio_v7em_t_le_eabi.a(libdebugio.o)
                0x0000000008001476                __debug_io_unlock
 .text.libc.debug_printf
                0x0000000008001478       0x12 /usr/share/crossworks_for_arm_4.9/lib/libdebugio_v7em_t_le_eabi.a(libdebugio_asm.o)
                0x0000000008001478                debug_printf
 *fill*         0x000000000800148a        0x2 
 .text.libdebugio.__do_debug_operation_mempoll
                0x000000000800148c       0x30 /usr/share/crossworks_for_arm_4.9/lib/libdebugio_v7em_t_le_eabi.a(mempoll_debug_operations.o)
                0x000000000800148c                __do_debug_operation_mempoll
                0x00000000080014bc                __text_end__ = (__text_start__ + SIZEOF (.text))
                0x0000000000001180                __text_size__ = SIZEOF (.text)
                0x00000000080014bc                __text_load_end__ = __text_end__

.vfp11_veneer   0x0000000100000000        0x0
 .vfp11_veneer  0x0000000100000000        0x0 linker stubs

.v4_bx          0x0000000100000000        0x0
 .v4_bx         0x0000000100000000        0x0 linker stubs

.iplt           0x0000000100000000        0x0
 .iplt          0x0000000100000000        0x0 clock_divider THUMB Debug/gpio.o
                0x0000000000000001                . = ASSERT (((__text_start__ == __text_end__) || ((__text_end__ - __FLASH_segment_start__) <= __FLASH_segment_size__)), error: .text is too large to fit in FLASH memory segment)
                0x00000000080014bc                __dtors_load_start__ = ALIGN (__text_end__, 0x4)

.dtors          0x00000000080014bc        0x0
                0x00000000080014bc                __dtors_start__ = .
 *(SORT_BY_NAME(.dtors.*))
 *(.dtors)
 *(.fini_array)
 *(SORT_BY_NAME(.fini_array.*))
                0x00000000080014bc                __dtors_end__ = (__dtors_start__ + SIZEOF (.dtors))
                0x0000000000000000                __dtors_size__ = SIZEOF (.dtors)
                0x00000000080014bc                __dtors_load_end__ = __dtors_end__
                0x0000000000000001                . = ASSERT (((__dtors_start__ == __dtors_end__) || ((__dtors_end__ - __FLASH_segment_start__) <= __FLASH_segment_size__)), error: .dtors is too large to fit in FLASH memory segment)
                0x00000000080014bc                __ctors_load_start__ = ALIGN (__dtors_end__, 0x4)

.ctors          0x00000000080014bc        0x0
                0x00000000080014bc                __ctors_start__ = .
 *(SORT_BY_NAME(.ctors.*))
 *(.ctors)
 *(.init_array)
 *(SORT_BY_NAME(.init_array.*))
                0x00000000080014bc                __ctors_end__ = (__ctors_start__ + SIZEOF (.ctors))
                0x0000000000000000                __ctors_size__ = SIZEOF (.ctors)
                0x00000000080014bc                __ctors_load_end__ = __ctors_end__
                0x0000000000000001                . = ASSERT (((__ctors_start__ == __ctors_end__) || ((__ctors_end__ - __FLASH_segment_start__) <= __FLASH_segment_size__)), error: .ctors is too large to fit in FLASH memory segment)
                0x00000000080014bc                __rodata_load_start__ = ALIGN (__ctors_end__, 0x4)

.rodata         0x00000000080014bc       0x72
                0x00000000080014bc                __rodata_start__ = .
 *(.rodata .rodata.* .gnu.linkonce.r.*)
 .rodata        0x00000000080014bc       0x1b clock_divider THUMB Debug/main.o
 *fill*         0x00000000080014d7        0x1 
 .rodata.segments
                0x00000000080014d8        0x7 clock_divider THUMB Debug/seven_segment.o
 *fill*         0x00000000080014df        0x1 
 .rodata.displays
                0x00000000080014e0        0x2 clock_divider THUMB Debug/seven_segment.o
 *fill*         0x00000000080014e2        0x2 
 .rodata.digit_table
                0x00000000080014e4       0x46 clock_divider THUMB Debug/seven_segment.o
 *fill*         0x000000000800152a        0x2 
 .rodata.buttons
                0x000000000800152c        0x2 clock_divider THUMB Debug/state_machine.o
                0x000000000800152e                __rodata_end__ = (__rodata_start__ + SIZEOF (.rodata))
                0x0000000000000072                __rodata_size__ = SIZEOF (.rodata)
                0x000000000800152e                __rodata_load_end__ = __rodata_end__

.rel.dyn        0x0000000008000000        0x0
 .rel.iplt      0x0000000008000000        0x0 clock_divider THUMB Debug/gpio.o
                0x0000000000000001                . = ASSERT (((__rodata_start__ == __rodata_end__) || ((__rodata_end__ - __FLASH_segment_start__) <= __FLASH_segment_size__)), error: .rodata is too large to fit in FLASH memory segment)
                0x0000000008001530                __ARM.exidx_load_start__ = ALIGN (__rodata_end__, 0x4)

.ARM.exidx      0x0000000008001530        0x0
                0x0000000008001530                __ARM.exidx_start__ = .
                0x0000000008001530                __exidx_start = __ARM.exidx_start__
 *(.ARM.exidx .ARM.exidx.*)
                0x0000000008001530                __ARM.exidx_end__ = (__ARM.exidx_start__ + SIZEOF (.ARM.exidx))
                0x0000000000000000                __ARM.exidx_size__ = SIZEOF (.ARM.exidx)
                0x0000000008001530                __exidx_end = __ARM.exidx_end__
                0x0000000008001530                __ARM.exidx_load_end__ = __ARM.exidx_end__
                0x0000000000000001                . = ASSERT (((__ARM.exidx_start__ == __ARM.exidx_end__) || ((__ARM.exidx_end__ - __FLASH_segment_start__) <= __FLASH_segment_size__)), error: .ARM.exidx is too large to fit in FLASH memory segment)
                0x0000000008001530                __fast_load_start__ = ALIGN (__ARM.exidx_end__, 0x4)

.fast           0x0000000020000000        0x0 load address 0x0000000008001530
                0x0000000020000000                __fast_start__ = .
 *(.fast .fast.*)
                0x0000000020000000                __fast_end__ = (__fast_start__ + SIZEOF (.fast))
                0x0000000000000000                __fast_size__ = SIZEOF (.fast)
                0x0000000008001530                __fast_load_end__ = (__fast_load_start__ + SIZEOF (.fast))
                0x0000000000000001                . = ASSERT (((__fast_load_start__ == __fast_load_end__) || ((__fast_load_end__ - __FLASH_segment_start__) <= __FLASH_segment_size__)), error: .fast is too large to fit in FLASH memory segment)

.fast_run       0x0000000020000000        0x0
                0x0000000020000000                __fast_run_start__ = .
                0x0000000020000000                __fast_run_end__ = (__fast_run_start__ + SIZEOF (.fast))
                0x0000000000000000                __fast_run_size__ = (__fast_run_end__ - __fast_run_start__)
                0x0000000020000000                __fast_run_load_end__ = __fast_run_end__
                0x0000000000000001                . = ASSERT (((__fast_run_start__ == __fast_run_end__) || ((__fast_run_end__ - __RAM_segment_start__) <= __RAM_segment_size__)), error: .fast_run is too large to fit in RAM memory segment)
                0x0000000008001530                __data_load_start__ = ALIGN ((__fast_load_start__ + SIZEOF (.fast)), 0x4)

.data           0x0000000020000000       0x1c load address 0x0000000008001530
                0x0000000020000000                __data_start__ = .
 *(.data .data.* .gnu.linkonce.d.*)
 .data.gpio_ports
                0x0000000020000000        0xc clock_divider THUMB Debug/gpio.o
 .data.timer_ports
                0x000000002000000c       0x10 clock_divider THUMB Debug/timer.o
                0x000000002000001c                __data_end__ = (__data_start__ + SIZEOF (.data))
                0x000000000000001c                __data_size__ = SIZEOF (.data)
                0x000000000800154c                __data_load_end__ = (__data_load_start__ + SIZEOF (.data))

.igot.plt       0x0000000100000000        0x0
 .igot.plt      0x0000000100000000        0x0 clock_divider THUMB Debug/gpio.o
                0x0000000000000001                . = ASSERT (((__data_load_start__ == __data_load_end__) || ((__data_load_end__ - __FLASH_segment_start__) <= __FLASH_segment_size__)), error: .data is too large to fit in FLASH memory segment)

.data_run       0x0000000020000000        0x0
                0x0000000020000000                __data_run_start__ = .
                0x000000002000001c                __data_run_end__ = (__data_run_start__ + SIZEOF (.data))
                0x000000000000001c                __data_run_size__ = (__data_run_end__ - __data_run_start__)
                0x000000002000001c                __data_run_load_end__ = __data_run_end__
                0x0000000000000001                . = ASSERT (((__data_run_start__ == __data_run_end__) || ((__data_run_end__ - __RAM_segment_start__) <= __RAM_segment_size__)), error: .data_run is too large to fit in RAM memory segment)
                0x000000002000001c                __bss_load_start__ = ALIGN (__data_run_end__, 0x4)

.bss            0x000000002000001c       0x74
                0x000000002000001c                __bss_start__ = .
 *(.bss .bss.* .gnu.linkonce.b.*)
 .bss.rng_buf   0x000000002000001c       0x40 clock_divider THUMB Debug/rng.o
 .bss.rng_write_index
                0x000000002000005c        0x1 clock_divider THUMB Debug/rng.o
 .bss.rng_count
                0x000000002000005d        0x1 clock_divider THUMB Debug/rng.o
 .bss.current_segment
                0x000000002000005e        0x1 clock_divider THUMB Debug/seven_segment.o
 .bss.current_display
                0x000000002000005f        0x1 clock_divider THUMB Debug/seven_segment.o
 .bss.display_data
                0x0000000020000060        0x2 clock_divider THUMB Debug/seven_segment.o
 *fill*         0x0000000020000062        0x2 
 .bss.button_states
                0x0000000020000064        0x2 clock_divider THUMB Debug/state_machine.o
 *fill*         0x0000000020000066        0x2 
 .bss.last_button_states
                0x0000000020000068        0x2 clock_divider THUMB Debug/state_machine.o
 *fill*         0x000000002000006a        0x2 
 .bss.division_table
                0x000000002000006c       0x17 clock_divider THUMB Debug/state_machine.o
 .bss.current_channel
                0x0000000020000083        0x1 clock_divider THUMB Debug/state_machine.o
 .bss.channel_divisions
                0x0000000020000084        0x4 clock_divider THUMB Debug/state_machine.o
 .bss.libdebugio.dbgCntrlWord_mempoll
                0x0000000020000088        0x4 /usr/share/crossworks_for_arm_4.9/lib/libdebugio_v7em_t_le_eabi.a(mempoll_debug_operations.o)
                0x0000000020000088                dbgCntrlWord_mempoll
 .bss.libdebugio.dbgCommWord
                0x000000002000008c        0x4 /usr/share/crossworks_for_arm_4.9/lib/libdebugio_v7em_t_le_eabi.a(mempoll_debug_operations.o)
                0x000000002000008c                dbgCommWord
 *(COMMON)
                0x0000000020000090                __bss_end__ = (__bss_start__ + SIZEOF (.bss))
                0x0000000000000074                __bss_size__ = SIZEOF (.bss)
                0x0000000020000090                __bss_load_end__ = __bss_end__
                0x0000000000000001                . = ASSERT (((__bss_start__ == __bss_end__) || ((__bss_end__ - __RAM_segment_start__) <= __RAM_segment_size__)), error: .bss is too large to fit in RAM memory segment)
                0x0000000020000090                __tbss_load_start__ = ALIGN (__bss_end__, 0x4)

.tbss           0x0000000020000090        0x0
                0x0000000020000090                __tbss_start__ = .
 *(.tbss .tbss.*)
                0x0000000020000090                __tbss_end__ = (__tbss_start__ + SIZEOF (.tbss))
                0x0000000000000000                __tbss_size__ = SIZEOF (.tbss)
                0x0000000020000090                __tbss_load_end__ = __tbss_end__
                0x0000000000000001                . = ASSERT (((__tbss_start__ == __tbss_end__) || ((__tbss_end__ - __RAM_segment_start__) <= __RAM_segment_size__)), error: .tbss is too large to fit in RAM memory segment)
                0x000000000800154c                __tdata_load_start__ = ALIGN ((__data_load_start__ + SIZEOF (.data)), 0x4)

.tdata          0x0000000020000090        0x0 load address 0x000000000800154c
                0x0000000020000090                __tdata_start__ = .
 *(.tdata .tdata.*)
                0x0000000020000090                __tdata_end__ = (__tdata_start__ + SIZEOF (.tdata))
                0x0000000000000000                __tdata_size__ = SIZEOF (.tdata)
                0x000000000800154c                __tdata_load_end__ = (__tdata_load_start__ + SIZEOF (.tdata))
                0x000000000800154c                __FLASH_segment_used_end__ = (ALIGN ((__data_load_start__ + SIZEOF (.data)), 0x4) + SIZEOF (.tdata))
                0x000000000000154c                __FLASH_segment_used_size__ = (__FLASH_segment_used_end__ - __FLASH_segment_start__)
                0x0000000000000001                . = ASSERT (((__tdata_load_start__ == __tdata_load_end__) || ((__tdata_load_end__ - __FLASH_segment_start__) <= __FLASH_segment_size__)), error: .tdata is too large to fit in FLASH memory segment)

.tdata_run      0x0000000020000090        0x0
                0x0000000020000090                __tdata_run_start__ = .
                0x0000000020000090                __tdata_run_end__ = (__tdata_run_start__ + SIZEOF (.tdata))
                0x0000000000000000                __tdata_run_size__ = (__tdata_run_end__ - __tdata_run_start__)
                0x0000000020000090                __tdata_run_load_end__ = __tdata_run_end__
                0x0000000000000001                . = ASSERT (((__tdata_run_start__ == __tdata_run_end__) || ((__tdata_run_end__ - __RAM_segment_start__) <= __RAM_segment_size__)), error: .tdata_run is too large to fit in RAM memory segment)
                0x0000000020000090                __non_init_load_start__ = ALIGN (__tdata_run_end__, 0x4)

.non_init       0x0000000020000090        0x0
                0x0000000020000090                __non_init_start__ = .
 *(.non_init .non_init.*)
                0x0000000020000090                __non_init_end__ = (__non_init_start__ + SIZEOF (.non_init))
                0x0000000000000000                __non_init_size__ = SIZEOF (.non_init)
                0x0000000020000090                __non_init_load_end__ = __non_init_end__
                0x0000000000000001                . = ASSERT (((__non_init_start__ == __non_init_end__) || ((__non_init_end__ - __RAM_segment_start__) <= __RAM_segment_size__)), error: .non_init is too large to fit in RAM memory segment)
                0x0000000020000090                __heap_load_start__ = ALIGN (__non_init_end__, 0x8)

.heap           0x0000000020000090       0x80
                0x0000000020000090                __heap_start__ = .
 *(.heap .heap.*)
                0x0000000020000110                . = ALIGN (MAX ((__heap_start__ + __HEAPSIZE__), .), 0x8)
 *fill*         0x0000000020000090       0x80 
                0x0000000020000110                __heap_end__ = (__heap_start__ + SIZEOF (.heap))
                0x0000000000000080                __heap_size__ = SIZEOF (.heap)
                0x0000000020000110                __heap_load_end__ = __heap_end__
                0x0000000000000001                . = ASSERT (((__heap_start__ == __heap_end__) || ((__heap_end__ - __RAM_segment_start__) <= __RAM_segment_size__)), error: .heap is too large to fit in RAM memory segment)
                0x0000000000000001                . = ASSERT ((__HEAPSIZE__ == ALIGN (__HEAPSIZE__, 0x8)), error: .heap section size does not match alignment)
                0x0000000000000001                . = ASSERT ((__heap_size__ <= __HEAPSIZE__), error: .heap section is larger than specified size)
                0x0000000020000110                __stack_load_start__ = ALIGN (__heap_end__, 0x8)

.stack          0x0000000020000110      0x100
                0x0000000020000110                __stack_start__ = .
 *(.stack .stack.*)
                0x0000000020000210                . = ALIGN (MAX ((__stack_start__ + __STACKSIZE__), .), 0x8)
 *fill*         0x0000000020000110      0x100 
                0x0000000020000210                __stack_end__ = (__stack_start__ + SIZEOF (.stack))
                0x0000000000000100                __stack_size__ = SIZEOF (.stack)
                0x0000000020000210                __stack_load_end__ = __stack_end__
                0x0000000000000001                . = ASSERT (((__stack_start__ == __stack_end__) || ((__stack_end__ - __RAM_segment_start__) <= __RAM_segment_size__)), error: .stack is too large to fit in RAM memory segment)
                0x0000000000000001                . = ASSERT ((__STACKSIZE__ == ALIGN (__STACKSIZE__, 0x8)), error: .stack section size does not match alignment)
                0x0000000000000001                . = ASSERT ((__stack_size__ <= __STACKSIZE__), error: .stack section is larger than specified size)
                0x0000000020000210                __stack_process_load_start__ = ALIGN (__stack_end__, 0x8)

.stack_process  0x0000000020000210        0x0
                0x0000000020000210                __stack_process_start__ = .
 *(.stack_process .stack_process.*)
                0x0000000020000210                . = ALIGN (MAX ((__stack_process_start__ + __STACKSIZE_PROCESS__), .), 0x8)
                0x0000000020000210                __stack_process_end__ = (__stack_process_start__ + SIZEOF (.stack_process))
                0x0000000000000000                __stack_process_size__ = SIZEOF (.stack_process)
                0x0000000020000210                __stack_process_load_end__ = __stack_process_end__
                0x0000000020000210                __RAM_segment_used_end__ = (ALIGN (__stack_end__, 0x8) + SIZEOF (.stack_process))
                0x0000000000000210                __RAM_segment_used_size__ = (__RAM_segment_used_end__ - __RAM_segment_start__)
                0x0000000000000001                . = ASSERT (((__stack_process_start__ == __stack_process_end__) || ((__stack_process_end__ - __RAM_segment_start__) <= __RAM_segment_size__)), error: .stack_process is too large to fit in RAM memory segment)
                0x0000000000000001                . = ASSERT ((__STACKSIZE_PROCESS__ == ALIGN (__STACKSIZE_PROCESS__, 0x8)), error: .stack_process section size does not match alignment)
                0x0000000000000001                . = ASSERT ((__stack_process_size__ <= __STACKSIZE_PROCESS__), error: .stack_process section is larger than specified size)
START GROUP
LOAD clock_divider THUMB Debug/chip.o
LOAD clock_divider THUMB Debug/clock.o
LOAD clock_divider THUMB Debug/dac.o
LOAD clock_divider THUMB Debug/dma.o
LOAD clock_divider THUMB Debug/gpio.o
LOAD clock_divider THUMB Debug/radio.o
LOAD clock_divider THUMB Debug/rng.o
LOAD clock_divider THUMB Debug/spi.o
LOAD clock_divider THUMB Debug/timer.o
LOAD clock_divider THUMB Debug/main.o
LOAD clock_divider THUMB Debug/seven_segment.o
LOAD clock_divider THUMB Debug/state_machine.o
LOAD clock_divider THUMB Debug/channels.o
LOAD clock_divider THUMB Debug/STM32_Startup.o
LOAD clock_divider THUMB Debug/thumb_crt0.o
LOAD /usr/share/crossworks_for_arm_4.9/lib/libm_v7em_t_le_eabi.a
LOAD /usr/share/crossworks_for_arm_4.9/lib/libc_v7em_t_le_eabi.a
LOAD /usr/share/crossworks_for_arm_4.9/lib/libdebugio_v7em_t_le_eabi.a
LOAD /usr/share/crossworks_for_arm_4.9/lib/libcm_v7em_t_le_eabi.a
END GROUP
OUTPUT(/home/morgan/Documents/clock_divider/firmware/clock_divider THUMB Debug/clock_divider.elf elf32-littlearm)
LOAD linker stubs

.debug_frame    0x0000000000000000      0x880
 .debug_frame   0x0000000000000000      0x230 clock_divider THUMB Debug/clock.o
 .debug_frame   0x0000000000000230      0x160 clock_divider THUMB Debug/gpio.o
 .debug_frame   0x0000000000000390       0x7c clock_divider THUMB Debug/rng.o
 .debug_frame   0x000000000000040c      0x1a4 clock_divider THUMB Debug/timer.o
 .debug_frame   0x00000000000005b0       0x48 clock_divider THUMB Debug/main.o
 .debug_frame   0x00000000000005f8      0x140 clock_divider THUMB Debug/seven_segment.o
 .debug_frame   0x0000000000000738       0xac clock_divider THUMB Debug/state_machine.o
 .debug_frame   0x00000000000007e4       0x9c clock_divider THUMB Debug/channels.o

.debug_info     0x0000000000000000     0x2cb0
 .debug_info    0x0000000000000000      0x644 clock_divider THUMB Debug/clock.o
 .debug_info    0x0000000000000644      0x99e clock_divider THUMB Debug/gpio.o
 .debug_info    0x0000000000000fe2      0x82e clock_divider THUMB Debug/rng.o
 .debug_info    0x0000000000001810      0x56d clock_divider THUMB Debug/timer.o
 .debug_info    0x0000000000001d7d       0xce clock_divider THUMB Debug/main.o
 .debug_info    0x0000000000001e4b      0x69d clock_divider THUMB Debug/seven_segment.o
 .debug_info    0x00000000000024e8      0x609 clock_divider THUMB Debug/state_machine.o
 .debug_info    0x0000000000002af1      0x179 clock_divider THUMB Debug/channels.o
 .debug_info    0x0000000000002c6a       0x24 clock_divider THUMB Debug/STM32_Startup.o
 .debug_info    0x0000000000002c8e       0x22 clock_divider THUMB Debug/thumb_crt0.o

.debug_abbrev   0x0000000000000000      0xb82
 .debug_abbrev  0x0000000000000000       0xc3 clock_divider THUMB Debug/clock.o
 .debug_abbrev  0x00000000000000c3      0x240 clock_divider THUMB Debug/gpio.o
 .debug_abbrev  0x0000000000000303      0x183 clock_divider THUMB Debug/rng.o
 .debug_abbrev  0x0000000000000486      0x185 clock_divider THUMB Debug/timer.o
 .debug_abbrev  0x000000000000060b       0x90 clock_divider THUMB Debug/main.o
 .debug_abbrev  0x000000000000069b      0x1cf clock_divider THUMB Debug/seven_segment.o
 .debug_abbrev  0x000000000000086a      0x1ca clock_divider THUMB Debug/state_machine.o
 .debug_abbrev  0x0000000000000a34      0x128 clock_divider THUMB Debug/channels.o
 .debug_abbrev  0x0000000000000b5c       0x14 clock_divider THUMB Debug/STM32_Startup.o
 .debug_abbrev  0x0000000000000b70       0x12 clock_divider THUMB Debug/thumb_crt0.o

.debug_pubnames
                0x0000000000000000     0x1f60
 .debug_pubnames
                0x0000000000000000      0x316 clock_divider THUMB Debug/clock.o
 .debug_pubnames
                0x0000000000000316      0x61c clock_divider THUMB Debug/gpio.o
 .debug_pubnames
                0x0000000000000932      0x5b7 clock_divider THUMB Debug/rng.o
 .debug_pubnames
                0x0000000000000ee9      0x11d clock_divider THUMB Debug/timer.o
 .debug_pubnames
                0x0000000000001006       0x7e clock_divider THUMB Debug/main.o
 .debug_pubnames
                0x0000000000001084      0x712 clock_divider THUMB Debug/seven_segment.o
 .debug_pubnames
                0x0000000000001796      0x70c clock_divider THUMB Debug/state_machine.o
 .debug_pubnames
                0x0000000000001ea2       0xbe clock_divider THUMB Debug/channels.o

.debug_pubtypes
                0x0000000000000000      0x75c
 .debug_pubtypes
                0x0000000000000000       0xbc clock_divider THUMB Debug/clock.o
 .debug_pubtypes
                0x00000000000000bc      0x122 clock_divider THUMB Debug/gpio.o
 .debug_pubtypes
                0x00000000000001de      0x126 clock_divider THUMB Debug/rng.o
 .debug_pubtypes
                0x0000000000000304       0xfb clock_divider THUMB Debug/timer.o
 .debug_pubtypes
                0x00000000000003ff       0xb5 clock_divider THUMB Debug/main.o
 .debug_pubtypes
                0x00000000000004b4       0xed clock_divider THUMB Debug/seven_segment.o
 .debug_pubtypes
                0x00000000000005a1       0xed clock_divider THUMB Debug/state_machine.o
 .debug_pubtypes
                0x000000000000068e       0xce clock_divider THUMB Debug/channels.o

.debug_aranges  0x0000000000000000      0x3a0
 .debug_aranges
                0x0000000000000000      0x128 clock_divider THUMB Debug/clock.o
 .debug_aranges
                0x0000000000000128       0x68 clock_divider THUMB Debug/gpio.o
 .debug_aranges
                0x0000000000000190       0x38 clock_divider THUMB Debug/rng.o
 .debug_aranges
                0x00000000000001c8       0x78 clock_divider THUMB Debug/timer.o
 .debug_aranges
                0x0000000000000240       0x28 clock_divider THUMB Debug/main.o
 .debug_aranges
                0x0000000000000268       0x58 clock_divider THUMB Debug/seven_segment.o
 .debug_aranges
                0x00000000000002c0       0x38 clock_divider THUMB Debug/state_machine.o
 .debug_aranges
                0x00000000000002f8       0x38 clock_divider THUMB Debug/channels.o
 .debug_aranges
                0x0000000000000330       0x20 clock_divider THUMB Debug/STM32_Startup.o
 .debug_aranges
                0x0000000000000350       0x50 clock_divider THUMB Debug/thumb_crt0.o

.debug_ranges   0x0000000000000000      0x2f8
 .debug_ranges  0x0000000000000000      0x118 clock_divider THUMB Debug/clock.o
 .debug_ranges  0x0000000000000118       0x58 clock_divider THUMB Debug/gpio.o
 .debug_ranges  0x0000000000000170       0x28 clock_divider THUMB Debug/rng.o
 .debug_ranges  0x0000000000000198       0x68 clock_divider THUMB Debug/timer.o
 .debug_ranges  0x0000000000000200       0x18 clock_divider THUMB Debug/main.o
 .debug_ranges  0x0000000000000218       0x48 clock_divider THUMB Debug/seven_segment.o
 .debug_ranges  0x0000000000000260       0x28 clock_divider THUMB Debug/state_machine.o
 .debug_ranges  0x0000000000000288       0x28 clock_divider THUMB Debug/channels.o
 .debug_ranges  0x00000000000002b0       0x48 clock_divider THUMB Debug/thumb_crt0.o

.debug_macro    0x0000000000000000      0xa7a
 .debug_macro   0x0000000000000000       0x76 clock_divider THUMB Debug/clock.o
 .debug_macro   0x0000000000000076       0xb9 clock_divider THUMB Debug/gpio.o
 .debug_macro   0x000000000000012f       0x82 clock_divider THUMB Debug/gpio.o
 .debug_macro   0x00000000000001b1       0x40 clock_divider THUMB Debug/gpio.o
 .debug_macro   0x00000000000001f1       0xa5 clock_divider THUMB Debug/rng.o
 .debug_macro   0x0000000000000296       0x89 clock_divider THUMB Debug/rng.o
 .debug_macro   0x000000000000031f       0x1c clock_divider THUMB Debug/rng.o
 .debug_macro   0x000000000000033b       0x16 clock_divider THUMB Debug/rng.o
 .debug_macro   0x0000000000000351       0xc9 clock_divider THUMB Debug/timer.o
 .debug_macro   0x000000000000041a       0xdc clock_divider THUMB Debug/timer.o
 .debug_macro   0x00000000000004f6      0x111 clock_divider THUMB Debug/main.o
 .debug_macro   0x0000000000000607       0x88 clock_divider THUMB Debug/main.o
 .debug_macro   0x000000000000068f       0x16 clock_divider THUMB Debug/main.o
 .debug_macro   0x00000000000006a5       0x2e clock_divider THUMB Debug/main.o
 .debug_macro   0x00000000000006d3       0xf0 clock_divider THUMB Debug/seven_segment.o
 .debug_macro   0x00000000000007c3      0x109 clock_divider THUMB Debug/state_machine.o
 .debug_macro   0x00000000000008cc       0x10 clock_divider THUMB Debug/state_machine.o
 .debug_macro   0x00000000000008dc       0xf2 clock_divider THUMB Debug/channels.o
 .debug_macro   0x00000000000009ce       0x78 clock_divider THUMB Debug/channels.o
 .debug_macro   0x0000000000000a46       0x34 clock_divider THUMB Debug/channels.o

.debug_line     0x0000000000000000     0x23f2
 .debug_line    0x0000000000000000      0x4ea clock_divider THUMB Debug/clock.o
 .debug_line    0x00000000000004ea      0x5f4 clock_divider THUMB Debug/gpio.o
 .debug_line    0x0000000000000ade      0x36b clock_divider THUMB Debug/rng.o
 .debug_line    0x0000000000000e49      0x4fc clock_divider THUMB Debug/timer.o
 .debug_line    0x0000000000001345      0x2fb clock_divider THUMB Debug/main.o
 .debug_line    0x0000000000001640      0x436 clock_divider THUMB Debug/seven_segment.o
 .debug_line    0x0000000000001a76      0x40a clock_divider THUMB Debug/state_machine.o
 .debug_line    0x0000000000001e80      0x305 clock_divider THUMB Debug/channels.o
 .debug_line    0x0000000000002185      0x10b clock_divider THUMB Debug/STM32_Startup.o
 .debug_line    0x0000000000002290      0x162 clock_divider THUMB Debug/thumb_crt0.o

.debug_str      0x0000000000000000    0x64048
 .debug_str     0x0000000000000000    0x6263c clock_divider THUMB Debug/clock.o
                                      0x6278f (size before relaxing)
 .debug_str     0x000000000006263c      0x93b clock_divider THUMB Debug/gpio.o
                                      0x62cb3 (size before relaxing)
 .debug_str     0x0000000000062f77      0x3b3 clock_divider THUMB Debug/rng.o
                                      0x62ce7 (size before relaxing)
 .debug_str     0x000000000006332a      0x551 clock_divider THUMB Debug/timer.o
                                      0x62b1c (size before relaxing)
 .debug_str     0x000000000006387b      0x3cc clock_divider THUMB Debug/main.o
                                      0x62e75 (size before relaxing)
 .debug_str     0x0000000000063c47      0x13a clock_divider THUMB Debug/seven_segment.o
                                      0x63117 (size before relaxing)
 .debug_str     0x0000000000063d81      0x121 clock_divider THUMB Debug/state_machine.o
                                      0x63144 (size before relaxing)
 .debug_str     0x0000000000063ea2       0xff clock_divider THUMB Debug/channels.o
                                      0x62f83 (size before relaxing)
 .debug_str     0x0000000000063fa1       0x71 clock_divider THUMB Debug/STM32_Startup.o
                                         0x9f (size before relaxing)
 .debug_str     0x0000000000064012       0x36 clock_divider THUMB Debug/thumb_crt0.o
                                         0x70 (size before relaxing)

.comment        0x0000000000000000       0x32
 .comment       0x0000000000000000       0x32 clock_divider THUMB Debug/clock.o
                                         0x33 (size before relaxing)
 .comment       0x0000000000000032       0x33 clock_divider THUMB Debug/gpio.o
 .comment       0x0000000000000032       0x33 clock_divider THUMB Debug/rng.o
 .comment       0x0000000000000032       0x33 clock_divider THUMB Debug/timer.o
 .comment       0x0000000000000032       0x33 clock_divider THUMB Debug/main.o
 .comment       0x0000000000000032       0x33 clock_divider THUMB Debug/seven_segment.o
 .comment       0x0000000000000032       0x33 clock_divider THUMB Debug/state_machine.o
 .comment       0x0000000000000032       0x33 clock_divider THUMB Debug/channels.o
 .comment       0x0000000000000032       0x33 /usr/share/crossworks_for_arm_4.9/lib/libdebugio_v7em_t_le_eabi.a(libdebugio.o)
 .comment       0x0000000000000032       0x33 /usr/share/crossworks_for_arm_4.9/lib/libdebugio_v7em_t_le_eabi.a(mempoll_debug_operations.o)

.ARM.attributes
                0x0000000000000000       0x2e
 .ARM.attributes
                0x0000000000000000       0x30 clock_divider THUMB Debug/clock.o
 .ARM.attributes
                0x0000000000000030       0x30 clock_divider THUMB Debug/gpio.o
 .ARM.attributes
                0x0000000000000060       0x30 clock_divider THUMB Debug/rng.o
 .ARM.attributes
                0x0000000000000090       0x30 clock_divider THUMB Debug/timer.o
 .ARM.attributes
                0x00000000000000c0       0x30 clock_divider THUMB Debug/main.o
 .ARM.attributes
                0x00000000000000f0       0x30 clock_divider THUMB Debug/seven_segment.o
 .ARM.attributes
                0x0000000000000120       0x30 clock_divider THUMB Debug/state_machine.o
 .ARM.attributes
                0x0000000000000150       0x30 clock_divider THUMB Debug/channels.o
 .ARM.attributes
                0x0000000000000180       0x1c clock_divider THUMB Debug/STM32_Startup.o
 .ARM.attributes
                0x000000000000019c       0x1c clock_divider THUMB Debug/thumb_crt0.o
 .ARM.attributes
                0x00000000000001b8       0x30 /usr/share/crossworks_for_arm_4.9/lib/libdebugio_v7em_t_le_eabi.a(libdebugio.o)
 .ARM.attributes
                0x00000000000001e8       0x1c /usr/share/crossworks_for_arm_4.9/lib/libdebugio_v7em_t_le_eabi.a(libdebugio_asm.o)
 .ARM.attributes
                0x0000000000000204       0x30 /usr/share/crossworks_for_arm_4.9/lib/libdebugio_v7em_t_le_eabi.a(mempoll_debug_operations.o)
